
 Start         Length     Name                   Class
 0001:00000000 0007ECB8H .text                   CODE
 0002:00000000 00001CFCH .data                   DATA
 0002:00001CFC 00001CDDH .bss                    BSS


Detailed map of segments

 0001:00000000 00005B87 C=CODE     S=.text    G=(none)   M=System   ACBP=A9
 0001:00005B88 00000140 C=CODE     S=.text    G=(none)   M=SysInit  ACBP=A9
 0001:00005CC8 000000BC C=CODE     S=.text    G=(none)   M=Types    ACBP=A9
 0001:00005D84 00000C48 C=CODE     S=.text    G=(none)   M=Windows  ACBP=A9
 0001:000069CC 00000038 C=CODE     S=.text    G=(none)   M=Messages ACBP=A9
 0001:00006A04 000002D8 C=CODE     S=.text    G=(none)   M=SysConst ACBP=A9
 0001:00006CDC 00004FA8 C=CODE     S=.text    G=(none)   M=SysUtils ACBP=A9
 0001:0000BC84 00000098 C=CODE     S=.text    G=(none)   M=VarUtils ACBP=A9
 0001:0000BD1C 00004264 C=CODE     S=.text    G=(none)   M=Variants ACBP=A9
 0001:0000FF80 00000150 C=CODE     S=.text    G=(none)   M=RTLConsts ACBP=A9
 0001:000100D0 00000DCC C=CODE     S=.text    G=(none)   M=TypInfo  ACBP=A9
 0001:00010E9C 00000038 C=CODE     S=.text    G=(none)   M=ActiveX  ACBP=A9
 0001:00010ED4 0000C91E C=CODE     S=.text    G=(none)   M=Classes  ACBP=A9
 0001:0001D7F4 000002E0 C=CODE     S=.text    G=(none)   M=Consts   ACBP=A9
 0001:0001DAD4 000090BB C=CODE     S=.text    G=(none)   M=Graphics ACBP=A9
 0001:00026B90 00000048 C=CODE     S=.text    G=(none)   M=Math     ACBP=A9
 0001:00026BD8 000002B8 C=CODE     S=.text    G=(none)   M=Contnrs  ACBP=A9
 0001:00026E90 000005C8 C=CODE     S=.text    G=(none)   M=CommCtrl ACBP=A9
 0001:00027458 00000787 C=CODE     S=.text    G=(none)   M=MultiMon ACBP=A9
 0001:00027BE0 00000038 C=CODE     S=.text    G=(none)   M=Imm      ACBP=A9
 0001:00027C18 00001078 C=CODE     S=.text    G=(none)   M=HelpIntfs ACBP=A9
 0001:00028C90 00000038 C=CODE     S=.text    G=(none)   M=WinSpool ACBP=A9
 0001:00028CC8 00000044 C=CODE     S=.text    G=(none)   M=Printers ACBP=A9
 0001:00028D0C 0000031F C=CODE     S=.text    G=(none)   M=FlatSB   ACBP=A9
 0001:0002902C 00002E04 C=CODE     S=.text    G=(none)   M=StdCtrls ACBP=A9
 0001:0002BE30 00000038 C=CODE     S=.text    G=(none)   M=ShellAPI ACBP=A9
 0001:0002BE68 00000038 C=CODE     S=.text    G=(none)   M=RegStr   ACBP=A9
 0001:0002BEA0 00000038 C=CODE     S=.text    G=(none)   M=WinInet  ACBP=A9
 0001:0002BED8 00000038 C=CODE     S=.text    G=(none)   M=UrlMon   ACBP=A9
 0001:0002BF10 00000038 C=CODE     S=.text    G=(none)   M=ShlObj   ACBP=A9
 0001:0002BF48 00000040 C=CODE     S=.text    G=(none)   M=CommDlg  ACBP=A9
 0001:0002BF88 00000E78 C=CODE     S=.text    G=(none)   M=ExtCtrls ACBP=A9
 0001:0002CE00 00000038 C=CODE     S=.text    G=(none)   M=Dlgs     ACBP=A9
 0001:0002CE38 000022DD C=CODE     S=.text    G=(none)   M=Dialogs  ACBP=A9
 0001:0002F118 00000094 C=CODE     S=.text    G=(none)   M=Clipbrd  ACBP=A9
 0001:0002F1AC 0000009C C=CODE     S=.text    G=(none)   M=StrUtils ACBP=A9
 0001:0002F248 00000168 C=CODE     S=.text    G=(none)   M=StdActns ACBP=A9
 0001:0002F3B0 00000CC4 C=CODE     S=.text    G=(none)   M=WinHelpViewer ACBP=A9
 0001:00030074 00010D63 C=CODE     S=.text    G=(none)   M=Controls ACBP=A9
 0001:00040DD8 00001306 C=CODE     S=.text    G=(none)   M=ActnList ACBP=A9
 0001:000420E0 000019E0 C=CODE     S=.text    G=(none)   M=ImgList  ACBP=A9
 0001:00043AC0 000064C1 C=CODE     S=.text    G=(none)   M=Menus    ACBP=A9
 0001:00049F84 0000CB04 C=CODE     S=.text    G=(none)   M=Forms    ACBP=A9
 0001:00056A88 000020CD C=CODE     S=.text    G=(none)   M=Buttons  ACBP=A9
 0001:00058B58 00000038 C=CODE     S=.text    G=(none)   M=FileCtrl ACBP=A9
 0001:00058B90 00002108 C=CODE     S=.text    G=(none)   M=findfile ACBP=A9
 0001:0005AC98 00000038 C=CODE     S=.text    G=(none)   M=RichEdit ACBP=A9
 0001:0005ACD0 00000038 C=CODE     S=.text    G=(none)   M=ToolWin  ACBP=A9
 0001:0005AD08 00000048 C=CODE     S=.text    G=(none)   M=ComStrs  ACBP=A9
 0001:0005AD50 00000038 C=CODE     S=.text    G=(none)   M=ExtDlgs  ACBP=A9
 0001:0005AD88 00000068 C=CODE     S=.text    G=(none)   M=IniFiles ACBP=A9
 0001:0005ADF0 000008D0 C=CODE     S=.text    G=(none)   M=Registry ACBP=A9
 0001:0005B6C0 0000006C C=CODE     S=.text    G=(none)   M=Mapi     ACBP=A9
 0001:0005B72C 00000038 C=CODE     S=.text    G=(none)   M=ExtActns ACBP=A9
 0001:0005B764 00001AE0 C=CODE     S=.text    G=(none)   M=ListActns ACBP=A9
 0001:0005D244 0000B24C C=CODE     S=.text    G=(none)   M=ComCtrls ACBP=A9
 0001:00068490 000005A8 C=CODE     S=.text    G=(none)   M=consoleapp ACBP=A9
 0001:00068A38 000010C8 C=CODE     S=.text    G=(none)   M=exfile   ACBP=A9
 0001:00069B00 00000050 C=CODE     S=.text    G=(none)   M=JConsts  ACBP=A9
 0001:00069B50 00012E74 C=CODE     S=.text    G=(none)   M=jpeg     ACBP=A9
 0001:0007C9C4 000005B0 C=CODE     S=.text    G=(none)   M=javatest ACBP=A9
 0001:0007CF74 00001978 C=CODE     S=.text    G=(none)   M=main     ACBP=A9
 0001:0007E8EC 000003CC C=CODE     S=.text    G=(none)   M=vmselect ACBP=A9
 0002:00000000 0000008C C=DATA     S=.data    G=DGROUP   M=System   ACBP=A9
 0002:0000008C 00000018 C=DATA     S=.data    G=DGROUP   M=SysInit  ACBP=A9
 0002:000000A4 00000240 C=DATA     S=.data    G=DGROUP   M=SysUtils ACBP=A9
 0002:000002E4 00000108 C=DATA     S=.data    G=DGROUP   M=VarUtils ACBP=A9
 0002:000003EC 0000008E C=DATA     S=.data    G=DGROUP   M=Variants ACBP=A9
 0002:0000047C 0000000C C=DATA     S=.data    G=DGROUP   M=TypInfo  ACBP=A9
 0002:00000488 000000AC C=DATA     S=.data    G=DGROUP   M=Classes  ACBP=A9
 0002:00000534 000002F4 C=DATA     S=.data    G=DGROUP   M=Graphics ACBP=A9
 0002:00000828 00000004 C=DATA     S=.data    G=DGROUP   M=Printers ACBP=A9
 0002:0000082C 00000018 C=DATA     S=.data    G=DGROUP   M=StdCtrls ACBP=A9
 0002:00000844 00000114 C=DATA     S=.data    G=DGROUP   M=Dialogs  ACBP=A9
 0002:00000958 0000013C C=DATA     S=.data    G=DGROUP   M=Controls ACBP=A9
 0002:00000A94 00000020 C=DATA     S=.data    G=DGROUP   M=ImgList  ACBP=A9
 0002:00000AB4 000000EC C=DATA     S=.data    G=DGROUP   M=Menus    ACBP=A9
 0002:00000BA0 00000124 C=DATA     S=.data    G=DGROUP   M=Forms    ACBP=A9
 0002:00000CC4 00000088 C=DATA     S=.data    G=DGROUP   M=Buttons  ACBP=A9
 0002:00000D4C 00000008 C=DATA     S=.data    G=DGROUP   M=IniFiles ACBP=A9
 0002:00000D54 00000008 C=DATA     S=.data    G=DGROUP   M=Registry ACBP=A9
 0002:00000D5C 00000008 C=DATA     S=.data    G=DGROUP   M=Mapi     ACBP=A9
 0002:00000D64 000000F0 C=DATA     S=.data    G=DGROUP   M=ComCtrls ACBP=A9
 0002:00000E54 00000170 C=DATA     S=.data    G=DGROUP   M=exfile   ACBP=A9
 0002:00000FC4 000008F8 C=DATA     S=.data    G=DGROUP   M=jpeg     ACBP=A9
 0002:000018BC 0000004C C=DATA     S=.data    G=DGROUP   M=main     ACBP=A9
 0002:00002000 00000708 C=BSS      S=.bss     G=DGROUP   M=System   ACBP=A9
 0002:00002708 00000018 C=BSS      S=.bss     G=DGROUP   M=SysInit  ACBP=A9
 0002:00002720 00000004 C=BSS      S=.bss     G=DGROUP   M=Types    ACBP=A9
 0002:00002724 00000004 C=BSS      S=.bss     G=DGROUP   M=Windows  ACBP=A9
 0002:00002728 00000004 C=BSS      S=.bss     G=DGROUP   M=Messages ACBP=A9
 0002:0000272C 00000004 C=BSS      S=.bss     G=DGROUP   M=SysConst ACBP=A9
 0002:00002730 00000120 C=BSS      S=.bss     G=DGROUP   M=SysUtils ACBP=A9
 0002:00002850 00000004 C=BSS      S=.bss     G=DGROUP   M=VarUtils ACBP=A9
 0002:00002854 00000184 C=BSS      S=.bss     G=DGROUP   M=Variants ACBP=A9
 0002:000029D8 00000004 C=BSS      S=.bss     G=DGROUP   M=RTLConsts ACBP=A9
 0002:000029DC 00000004 C=BSS      S=.bss     G=DGROUP   M=TypInfo  ACBP=A9
 0002:000029E0 00000004 C=BSS      S=.bss     G=DGROUP   M=ActiveX  ACBP=A9
 0002:000029E4 00000044 C=BSS      S=.bss     G=DGROUP   M=Classes  ACBP=A9
 0002:00002A28 00000004 C=BSS      S=.bss     G=DGROUP   M=Consts   ACBP=A9
 0002:00002A2C 00000060 C=BSS      S=.bss     G=DGROUP   M=Graphics ACBP=A9
 0002:00002A8C 00000004 C=BSS      S=.bss     G=DGROUP   M=Math     ACBP=A9
 0002:00002A90 00000004 C=BSS      S=.bss     G=DGROUP   M=Contnrs  ACBP=A9
 0002:00002A94 0000000C C=BSS      S=.bss     G=DGROUP   M=CommCtrl ACBP=A9
 0002:00002AA0 00000031 C=BSS      S=.bss     G=DGROUP   M=MultiMon ACBP=A9
 0002:00002AD4 00000004 C=BSS      S=.bss     G=DGROUP   M=Imm      ACBP=A9
 0002:00002AD8 00000008 C=BSS      S=.bss     G=DGROUP   M=HelpIntfs ACBP=A9
 0002:00002AE0 00000004 C=BSS      S=.bss     G=DGROUP   M=WinSpool ACBP=A9
 0002:00002AE4 00000004 C=BSS      S=.bss     G=DGROUP   M=Printers ACBP=A9
 0002:00002AE8 00000034 C=BSS      S=.bss     G=DGROUP   M=FlatSB   ACBP=A9
 0002:00002B1C 00000004 C=BSS      S=.bss     G=DGROUP   M=StdCtrls ACBP=A9
 0002:00002B20 00000004 C=BSS      S=.bss     G=DGROUP   M=ShellAPI ACBP=A9
 0002:00002B24 00000004 C=BSS      S=.bss     G=DGROUP   M=RegStr   ACBP=A9
 0002:00002B28 00000004 C=BSS      S=.bss     G=DGROUP   M=WinInet  ACBP=A9
 0002:00002B2C 00000004 C=BSS      S=.bss     G=DGROUP   M=UrlMon   ACBP=A9
 0002:00002B30 00000004 C=BSS      S=.bss     G=DGROUP   M=ShlObj   ACBP=A9
 0002:00002B34 00000004 C=BSS      S=.bss     G=DGROUP   M=CommDlg  ACBP=A9
 0002:00002B38 00000004 C=BSS      S=.bss     G=DGROUP   M=ExtCtrls ACBP=A9
 0002:00002B3C 00000004 C=BSS      S=.bss     G=DGROUP   M=Dlgs     ACBP=A9
 0002:00002B40 00000038 C=BSS      S=.bss     G=DGROUP   M=Dialogs  ACBP=A9
 0002:00002B78 0000000C C=BSS      S=.bss     G=DGROUP   M=Clipbrd  ACBP=A9
 0002:00002B84 00000004 C=BSS      S=.bss     G=DGROUP   M=StrUtils ACBP=A9
 0002:00002B88 00000004 C=BSS      S=.bss     G=DGROUP   M=StdActns ACBP=A9
 0002:00002B8C 00000010 C=BSS      S=.bss     G=DGROUP   M=WinHelpViewer ACBP=A9
 0002:00002B9C 00000080 C=BSS      S=.bss     G=DGROUP   M=Controls ACBP=A9
 0002:00002C1C 00000004 C=BSS      S=.bss     G=DGROUP   M=ActnList ACBP=A9
 0002:00002C20 00000004 C=BSS      S=.bss     G=DGROUP   M=ImgList  ACBP=A9
 0002:00002C24 00000010 C=BSS      S=.bss     G=DGROUP   M=Menus    ACBP=A9
 0002:00002C34 00000020 C=BSS      S=.bss     G=DGROUP   M=Forms    ACBP=A9
 0002:00002C54 00000030 C=BSS      S=.bss     G=DGROUP   M=Buttons  ACBP=A9
 0002:00002C84 00000004 C=BSS      S=.bss     G=DGROUP   M=FileCtrl ACBP=A9
 0002:00002C88 00001004 C=BSS      S=.bss     G=DGROUP   M=findfile ACBP=A9
 0002:00003C8C 00000004 C=BSS      S=.bss     G=DGROUP   M=RichEdit ACBP=A9
 0002:00003C90 00000004 C=BSS      S=.bss     G=DGROUP   M=ToolWin  ACBP=A9
 0002:00003C94 00000004 C=BSS      S=.bss     G=DGROUP   M=ComStrs  ACBP=A9
 0002:00003C98 00000004 C=BSS      S=.bss     G=DGROUP   M=ExtDlgs  ACBP=A9
 0002:00003C9C 00000004 C=BSS      S=.bss     G=DGROUP   M=IniFiles ACBP=A9
 0002:00003CA0 00000004 C=BSS      S=.bss     G=DGROUP   M=Registry ACBP=A9
 0002:00003CA4 00000004 C=BSS      S=.bss     G=DGROUP   M=Mapi     ACBP=A9
 0002:00003CA8 00000004 C=BSS      S=.bss     G=DGROUP   M=ExtActns ACBP=A9
 0002:00003CAC 00000004 C=BSS      S=.bss     G=DGROUP   M=ListActns ACBP=A9
 0002:00003CB0 0000000C C=BSS      S=.bss     G=DGROUP   M=ComCtrls ACBP=A9
 0002:00003CBC 00000004 C=BSS      S=.bss     G=DGROUP   M=consoleapp ACBP=A9
 0002:00003CC0 00000004 C=BSS      S=.bss     G=DGROUP   M=exfile   ACBP=A9
 0002:00003CC4 00000004 C=BSS      S=.bss     G=DGROUP   M=JConsts  ACBP=A9
 0002:00003CC8 00000004 C=BSS      S=.bss     G=DGROUP   M=jpeg     ACBP=A9
 0002:00003CCC 00000004 C=BSS      S=.bss     G=DGROUP   M=javatest ACBP=A9
 0002:00003CD0 00000008 C=BSS      S=.bss     G=DGROUP   M=main     ACBP=A9
 0002:00003CD8 00000004 C=BSS      S=.bss     G=DGROUP   M=vmselect ACBP=A9


  Address         Publics by Name

 0001:00072F68       ..
 0001:0007325C       ..
 0001:00071EC8       ..
 0002:0000125C       ..
 0001:0007352C       ..
 0001:00078FD0       ..
 0001:0006E260       ..
 0001:0006B6C4       ..
 0001:000717F0       ..
 0001:00079800       ..
 0002:00001050       ..
 0001:00074A10       ..
 0001:0006C324       ..
 0001:00079E88       ..
 0001:0006F888       ..
 0001:000704E4       ..
 0001:0006C88C       ..
 0001:0006CD50       ..
 0001:0007A7B0       ..
 0002:00001040       ..
 0001:00076668       ..
 0001:00076778       ..
 0002:0000145C       ..
 0002:00001150       ..
 0001:0007BD50       ..
 0002:000017FC       ..
 0001:0006D494       ..
 0001:00078A94       ..
 0001:0007ACC8       ..
 0002:000010D0       ..
 0001:00078938       ..
 0001:0006ECF0       ..
 0001:00077E00       ..
 0001:0006F2DC       ..
 0001:0007760C       ..
 0002:00002B40       .01
 0002:00002B08       .1
 0002:00003CC4       .1
 0002:00002B30       .1
 0002:00002B3C       .1
 0002:00002AD4       .1
 0002:000029D8       .1
 0002:00002B20       .1
 0002:00002AC0       .1
 0002:00002A94       .1
 0002:00002B24       .1
 0002:00003CA4       .1
 0002:00002720       .1
 0002:00002B28       .1
 0002:00002B84       .1
 0002:00002B94       .1
 0002:00003C94       .1
 0002:00003C8C       .1
 0002:00002718       .1
 0002:00003CBC       .1
 0002:00003CCC       .1
 0002:00002A28       .1
 0002:00002850       .1
 0002:00002B2C       .1
 0002:0000272C       .1
 0002:00002728       .1
 0002:00002B34       .1
 0002:00002B38       .12
 0002:00002A30       .12
 0002:00003CD4       .2
 0002:00002B7C       .2
 0002:00002AD8       .2
 0002:00002A8C       .2
 0002:00002A90       .21
 0002:00002724       .3
 0002:00002C88       .3
 0002:00003CC0       .3
 0002:00002C20       .3
 0002:000029E0       .3
 0002:00003C98       .3
 0002:00002AE0       .3
 0002:00002874       .3
 0002:00003CC8       .3
 0002:00002AE4       .3
 0002:000029EC       .35
 0002:00003CB0       .36
 0002:00002C54       .4
 0002:00003C90       .4
 0002:00002C3C       .41
 0002:00002B1C       .42
 0002:00002C84       .5
 0002:000025B8       .5
 0002:00003CA0       .5
 0002:000029DC       .6
 0002:00002B88       .63
 0002:00002BA4       .72
 0002:00003CA8       .72
 0002:00002C1C       .8
 0002:00003CAC       .8
 0002:00003C9C       .8
 0002:00002C2C       .9
 0002:00002840       .94
 0001:00001BD4       @AbstractError
 0001:00002E08       @AfterConstruction
 0001:00002BFC       @AsClass
 0001:00001EB8       @Assign
 0001:000020B4       @AStrCmp
 0001:00002E18       @BeforeDestruction
 0001:00002984       @BoundErr
 0001:00002C48       @CallDynaInst
 0001:00002DB0       @ClassCreate
 0001:00002E00       @ClassDestroy
 0001:00001F80       @Close
 0001:0000455C       @CopyArray
 0001:00004440       @CopyRecord
 0001:000047F0       @DispCallByIDError
 0001:00004664       @Dispose
 0001:00003294       @DoneExcept
 0001:00004F2C       @DynArrayAsg
 0001:00004EF0       @DynArrayClear
 0001:00004DDC       @DynArrayCopy
 0001:00004DFC       @DynArrayCopyRange
 0001:00004C1C       @DynArrayHigh
 0001:00004C14       @DynArrayLength
 0001:00004DD0       @DynArraySetLength
 0001:00002124       @EofText
 0001:0000337C       @ExceptionHandler
 0001:0000215C       @FillChar
 0001:00004434       @Finalize
 0001:00004348       @FinalizeArray
 0001:00004314       @FinalizeRecord
 0001:00002C60       @FindDynaInst
 0001:00001F74       @Flush
 0001:00002978       @FpuInit
 0001:000028B4       @FpuMaskInit
 0001:00001B80       @FRAC
 0001:00001758       @FreeMem
 0001:00001738       @GetMem
 0001:00005C00       @GetTls
 0001:000037A0       @Halt
 0001:000036C8       @Halt0
 0001:00002F2C       @HandleAnyException
 0001:000031E0       @HandleFinally
 0001:00003058       @HandleOnException
 0001:00005C4C       @InitExe
 0001:00004308       @Initialize
 0001:00004274       @InitializeArray
 0001:00004244       @InitializeRecord
 0001:0000358C       @InitImports
 0001:00003564       @InitResStringImports
 0001:00001B60       @INT
 0001:0000560C       @IntfAddRef
 0001:000055E0       @IntfCast
 0001:0000559C       @IntfClear
 0001:000055B4       @IntfCopy
 0001:0000298C       @IntOver
 0001:00002BD8       @IsClass
 0001:00002884       @isNECWindows
 0001:000765D8       @jcopy_block_row
 0001:0007658C       @jcopy_sample_rows
 0001:00070450       @jinit_1pass_quantizer
 0001:000716D0       @jinit_2pass_quantizer
 0001:00079C3C       @jinit_color_converter
 0001:0006F6BC       @jinit_color_deconverter
 0001:0007755C       @jinit_compress_master
 0001:00079738       @jinit_c_coef_controller
 0001:00078A10       @jinit_c_main_controller
 0001:00078870       @jinit_c_master_control
 0001:00078F28       @jinit_c_prep_controller
 0001:0007A628       @jinit_downsampler
 0001:00072E54       @jinit_d_coef_controller
 0001:00071DE8       @jinit_d_main_controller
 0001:000731C8       @jinit_d_post_controller
 0001:0007AC4C       @jinit_forward_dct
 0001:0006ECB0       @jinit_huff_decoder
 0001:0007C890       @jinit_huff_encoder
 0001:0006C844       @jinit_input_controller
 0001:000734B0       @jinit_inverse_dct
 0001:00076508       @jinit_marker_reader
 0001:00077DB4       @jinit_marker_writer
 0001:0006D45C       @jinit_master_decompress
 0001:0006C1F4       @jinit_memory_mgr
 0001:0006F25C       @jinit_merged_upsampler
 0001:0006E1EC       @jinit_phuff_decoder
 0001:0007B774       @jinit_phuff_encoder
 0001:00073A10       @jinit_upsampler
 0001:000765E8       @jpeg_abort
 0001:00076650       @jpeg_alloc_huff_table
 0001:00076638       @jpeg_alloc_quant_table
 0001:0007BA24       @jpeg_fdct_float
 0001:0007B7B8       @jpeg_fdct_ifast
 0001:0006E598       @jpeg_fill_bit_buffer
 0001:0006C2F8       @jpeg_free_large
 0001:0006C2E8       @jpeg_free_small
 0001:0007C5D4       @jpeg_gen_optimal_table
 0001:0006C2F0       @jpeg_get_large
 0001:0006C2E0       @jpeg_get_small
 0001:0006E6A8       @jpeg_huff_decode
 0001:000749D4       @jpeg_idct_1x1
 0001:000747F8       @jpeg_idct_2x2
 0001:00074464       @jpeg_idct_4x4
 0001:00073C28       @jpeg_idct_float
 0001:00074058       @jpeg_idct_ifast
 0001:0007BF1C       @jpeg_make_c_derived_tbl
 0001:0006E380       @jpeg_make_d_derived_tbl
 0001:0006C300       @jpeg_mem_available
 0001:0006C31C       @jpeg_mem_init
 0001:0006C320       @jpeg_mem_term
 0001:0006C30C       @jpeg_open_backing_store
 0001:000763DC       @jpeg_resync_to_restart
 0001:00077390       @jpeg_suppress_tables
 0001:00076574       @jround_up
 0001:000018D0       @LGetDir
 0001:00003CDC       @LStrAddRef
 0001:00003860       @LStrArrayClr
 0001:00003890       @LStrAsg
 0001:00003AFC       @LStrCat
 0001:00003B40       @LStrCat3
 0001:00003BB4       @LStrCatN
 0001:0000383C       @LStrClr
 0001:00003C38       @LStrCmp
 0001:00003D4C       @LStrCopy
 0001:00003D8C       @LStrDelete
 0001:00003AA4       @LStrFromArray
 0001:00003A1C       @LStrFromChar
 0001:00003A2C       @LStrFromPChar
 0001:0000392C       @LStrFromPCharLen
 0001:00003A5C       @LStrFromPWChar
 0001:00003990       @LStrFromPWCharLen
 0001:00003A98       @LStrFromString
 0001:00003ABC       @LStrFromWStr
 0001:00003DD4       @LStrInsert
 0001:000038D4       @LStrLAsg
 0001:00003AF4       @LStrLen
 0001:00003EDC       @LStrOfChar
 0001:00003E30       @LStrPos
 0001:00003E78       @LStrSetLength
 0001:00003CEC       @LStrToPChar
 0001:00003AD0       @LStrToString
 0001:00004650       @New
 0001:00003900       @NewAnsiString
 0001:00003F30       @NewWideString
 0001:0000259C       @Pow10
 0001:00002030       @PStrCmp
 0001:00002008       @PStrCpy
 0001:00001FD8       @PStrNCat
 0001:00002014       @PStrNCpy
 0001:00003240       @RaiseAgain
 0001:00003218       @RaiseExcept
 0001:000021B8       @ReadChar
 0001:00002310       @ReadLn
 0001:000022A4       @ReadLString
 0001:00002298       @ReadString
 0001:00001778       @ReallocMem
 0001:00001C48       @ResetText
 0001:00001C54       @RewritText
 0001:00001BA4       @ROUND
 0001:000037AC       @RunError
 0001:00002550       @SetElem
 0001:00002574       @SetEq
 0001:00002588       @SetUnion
 0001:00003524       @StartExe
 0001:00000324       @strlen
 0001:00001BB0       @TRUNC
 0001:000032C4       @TryFinallyExit
 0001:00003D44       @UniqueStringA
 0001:000049F0       @ValInt64
 0001:00002340       @ValLong
 0001:00004730       @VarClear
 0001:000047E8       @VarClr
 0001:000047DC       @VarCmpEQ
 0001:00004738       @VarCopy
 0001:000047A4       @VarFromBool
 0001:000047B4       @VarFromCurr
 0001:000047D4       @VarFromDisp
 0001:00004788       @VarFromInt
 0001:00004790       @VarFromInt64
 0001:000047CC       @VarFromIntf
 0001:000047BC       @VarFromLStr
 0001:000047AC       @VarFromReal
 0001:000047C4       @VarFromWStr
 0001:00004750       @VarToBool
 0001:00004760       @VarToCurr
 0001:00004780       @VarToDisp
 0001:00004740       @VarToInt
 0001:00004748       @VarToInt64
 0001:00004778       @VarToIntf
 0001:00004768       @VarToLStr
 0001:00004758       @VarToReal
 0001:00004770       @VarToWStr
 0001:00002450       @WriteBytes
 0001:00003F08       @WriteLString
 0001:000024A4       @WriteSpaces
 0001:00003F70       @WStrArrayClr
 0001:00003F94       @WStrAsg
 0001:000040D0       @WStrCat
 0001:00003F58       @WStrClr
 0001:00004130       @WStrCmp
 0001:000041B4       @WStrCopy
 0001:000040A4       @WStrFromLStr
 0001:00003FB8       @WStrFromPCharLen
 0001:00004068       @WStrFromPWChar
 0001:00004044       @WStrFromPWCharLen
 0001:000040C4       @WStrLen
 0001:00004200       @WStrSetLength
 0001:000040B4       @WStrToPWChar
 0001:0000252C       @_CLenToPasStr
 0001:00002520       @_CToPasStr
 0001:000018A0       @_IOTest
 0001:0000481C       @_lldiv
 0001:000048E4       @_llmod
 0001:000047F8       @_llmul
 0001:000049B0       @_llshl
 0001:00004898       @_lludiv
 0001:00004960       @_llumod
 0001:000049D0       @_llushr
 0001:00032F3C       AbsMin
 0001:00009F08       AbstractErrorHandler
 0002:00002028       AbstractErrorProc
 0002:00000124       AccessMode
 0001:00001808       AcquireExceptionObject
 0001:000134E4       ActivateClassGroup
 0001:00006294       ActivateKeyboardLayout
 0002:00002BD8       ActiveDrag
 0001:00010ECC       ActiveX
 0001:000420B4       ActnList
 0001:00000450       AddBlockAfter
 0002:00000488       AddDataModule
 0001:00007984       AddExitProc
 0001:000173A8       AddFinished
 0001:000456B8       AddIn
 0001:00005430       AddModuleUnloadProc
 0001:00005440       AddModuleUnloadProc
 0001:000173E0       AddNotFinished
 0001:0001BE40       AddThread
 0001:00059918       AddToIncludeList
 0001:00021498       AdjustColor
 0001:0004CDCC       Adjustment
 0001:0000629C       AdjustWindowRectEx
 0002:000018FC       advancedcaption
 0002:00001904       advancedwinheight
 0002:00000B78       Alignments
 0002:0000082C       Alignments
 0002:00000B88       Alignments
 0001:00053C20       AlignWork
 0001:00038694       AlignWork
 0001:0001D60C       AllocateHWnd
 0001:0002DBC8       AllocFilterStr
 0001:00007938       AllocMem
 0002:000025B0       AllocMemCount
 0002:000025B4       AllocMemSize
 0001:00026988       AllocPatternBitmap
 0001:00005BA8       AllocTlsBuffer
 0001:0001A8F0       AncestorValid
 0002:00000964       AnchorAlign
 0002:00000958       AnimateWindowProc
 0002:00000A60       AnimationStyle
 0001:00007B64       AnsiCompareStr
 0001:00007BB4       AnsiCompareText
 0001:0000819C       AnsiLastChar
 0001:000062A4       AnsiLower
 0001:00007B30       AnsiLowerCase
 0001:0000A5E8       AnsiLowerCaseFileName
 0001:0000A5B0       AnsiPos
 0001:00007C74       AnsiQuotedStr
 0001:00049D90       AnsiSameCaption
 0001:00007B9C       AnsiSameStr
 0001:00007BEC       AnsiSameText
 0001:0002F1AC       AnsiStartsStr
 0001:00007C04       AnsiStrLIComp
 0001:0000A674       AnsiStrPos
 0001:0000A714       AnsiStrRScan
 0001:0000A73C       AnsiStrScan
 0001:00005A18       AnsiToUtf8
 0001:00007AFC       AnsiUpperCase
 0001:0000C5A8       AnyChangeType
 0001:0000D9A0       AnyOp
 0001:0000CFD4       AnyToIntf
 0002:00003CD8       appdir
 0002:00002C34       Application
 0002:00000498       ApplicationHandleException
 0002:000004A0       ApplicationShowException
 0002:00000CBC       AppVisible
 0002:00000DBC       Arrangements
 0001:00009EEC       AssertErrorHandler
 0002:00002020       AssertErrorProc
 0001:00010564       AssignLongStr
 0001:00010BE0       AssignVariant
 0002:00000DC4       AutoArrange
 0002:00002604       avail
 0001:0000830C       BackfillGetDiskFreeSpaceEx
 0001:00035AB8       BackgroundClipped
 0002:000003EC       BaseTypeMap
 0001:0000A3A8       Beep
 0001:000138B8       BeginGlobalLoading
 0001:000062AC       BeginPaint
 0001:000037F0       BeginThread
 0001:000214A4       BetterSize
 0001:00046490       BiDiDraw
 0001:0000607C       BitBlt
 0002:00000CF0       BitBtnCaptions
 0002:00002C58       BitBtnGlyphs
 0002:00000D1C       BitBtnModalResults
 0002:00000CC4       BitBtnResNames
 0002:000007DC       BitCounts
 0002:000007D4       BitmapCanvasList
 0002:00002A48       BitmapImageLock
 0002:00000508       BlockCode
 0002:000025DC       blockDescBlockList
 0002:000025E0       blockDescFreeList
 0002:000018BC       bluejdefsproperty
 0002:000018C8       bluejregkey
 0002:0000047C       BooleanIdents
 0002:00000C04       BorderStyles
 0002:00000D9C       BorderStyles
 0001:00005D04       Bounds
 0001:00012800       Bounds
 0002:00000B20       Breaks
 0002:00002A80       BrushManager
 0002:00002C8C       Buffer
 0001:0006A840       BuildColorMap
 0001:0007DD30       BuildDriveStrings
 0001:00048BA0       BuildImage
 0001:0006A798       BuildPalette
 0002:00000900       ButtonCaptions
 0002:000008D4       ButtonNames
 0002:00000B9C       Buttons
 0001:00058B30       Buttons
 0002:0000083C       ButtonStyles
 0002:00002B4C       ButtonWidths
 0001:00020C84       BytesPerScanline
 0001:00020FDC       ByteSwapColors
 0001:0000A428       ByteType
 0001:0000A3B0       ByteTypeTest
 0001:0001D548       CalcJmpOffset
 0001:000400A8       CalcSplitterPos
 0001:000062B4       CallNextHookEx
 0001:0000AF44       CallTerminateProcs
 0001:000062BC       CallWindowProc
 0001:00033F5C       CancelDrag
 0002:00002A84       CanvasList
 0002:00002BEC       CanvasList
 0002:000008AC       Captions
 0002:00000A1C       CaptureControl
 0002:00000AC0       cBooleanToItemAutoFlag
 0002:0000045C       CBooleanToRelationship
 0001:00005D20       CenterPoint
 0001:0002D4D8       CenterWindow
 0002:00000E68       cErrMsg
 0002:00002B7A       CF_COMPONENT
 0002:00002B78       CF_PICTURE
 0002:0000286C       ChangeAnyProc
 0001:00032514       ChangeBiDiModeAlignment
 0001:0000C610       ChangeSourceAny
 0001:0000395C       CharFromWChar
 0001:0000A484       CharLength
 0001:000062C4       CharLowerBuff
 0001:000062CC       CharNext
 0001:00000284       CharNext
 0001:0001F4FC       CharsetToIdent
 0001:000062D4       CharUpperBuff
 0001:00021A6C       CheckBool
 0001:00060864       CheckCommonControl
 0001:00002EA8       CheckJmp
 0001:000062DC       CheckMenuItem
 0002:00000B10       Checks
 0001:0001BEEC       CheckSynchronize
 0001:0004C808       CheckTaskWindow
 0001:0000E5E8       CheckType
 0001:0000DA2C       CheckType
 0001:00033C10       CheckUndock
 0001:000062E4       ChildWindowFromPoint
 0002:00000458       CInvalidCustomVariantType
 0002:00000AC4       cItemAutoFlagToBoolean
 0002:00000ABC       cItemAutoFlagToMenu
 0001:0001D790       Classes
 0001:000132A8       ClassNotFound
 0002:00002868       ClearAnyProc
 0001:0001EDCC       ClearColor
 0001:0000F8DC       ClearVariantTypeList
 0001:000062EC       ClientToScreen
 0001:0003D64C       ClientToWindow
 0002:000007CC       ClipboardFormats
 0001:0002F154       Clipbrd
 0001:000062F4       CloseClipboard
 0001:00005DC4       CloseHandle
 0001:00000224       CloseHandle
 0002:0000203C       CmdLine
 0002:00002038       CmdShow
 0002:00000AB8       cMenuAutoFlagToItem
 0002:00000E18       Codes
 0002:00000D8C       Codes
 0001:00013B74       CollectionsEqual
 0002:00000564       Colors
 0001:0001F2F4       ColorToIdent
 0001:0001F2E4       ColorToRGB
 0002:00000DEC       ColumnClicks
 0002:00000E48       ComboBoxExStyles
 0002:00002A98       ComCtl32DLL
 0001:00068488       ComCtrls
 0002:00002C30       CommandPool
 0001:00027450       CommCtrl
 0001:0002BF80       CommDlg
 0001:00000730       Commit
 0002:00002620       committedRoot
 0001:00044C9C       CompareFront
 0001:00007A64       CompareMem
 0001:00007A34       CompareStr
 0001:00005DCC       CompareString
 0001:00007A84       CompareText
 0001:00017DC8       ComponentCreated
 0001:0002183C       ComputeAldusChecksum
 0001:0005AD48       ComStrs
 0001:00068A30       consoleapp
 0001:0001DACC       Consts
 0001:00026E88       Contnrs
 0002:00002BAA       ControlAtom
 0002:00002BB0       ControlAtomString
 0001:00051598       ControlHasHelp
 0001:00040D48       Controls
 0001:0000995C       ConvertAddr
 0001:000078FC       ConvertError
 0001:00007914       ConvertErrorFmt
 0001:00064BB0       ConvertFlags
 0001:00064A20       ConvertMask
 0001:00064BD4       ConvertStates
 0001:00004C24       CopyArray
 0001:00023CC0       CopyBitmap
 0001:00024388       CopyBitmapAsMask
 0001:00006084       CopyEnhMetaFile
 0001:00058950       CopyImage
 0001:00024324       CopyPalette
 0001:00047C4C       CopyToBest
 0002:00002A60       CounterLock
 0002:00000E60       cPriorityClass
 0001:00009E30       CreateAssertException
 0001:00009FB8       CreateAVObject
 0001:0000608C       CreateBitmap
 0001:00006094       CreateBrushIndirect
 0001:0000609C       CreateCompatibleBitmap
 0001:000060A4       CreateCompatibleDC
 0001:00017E48       CreateComponent
 0001:000060B4       CreateDIBitmap
 0001:000060AC       CreateDIBSection
 0001:00005DD4       CreateEvent
 0001:00005DDC       CreateFile
 0001:0000022C       CreateFileA
 0001:000060BC       CreateFontIndirect
 0001:000060C4       CreateHalftonePalette
 0001:000062FC       CreateIcon
 0001:00009D5C       CreateInOutError
 0001:00006304       CreateMenu
 0001:0002E8C4       CreateMessageDialog
 0001:00005DEC       CreateMutex
 0001:000060CC       CreatePalette
 0001:000060D4       CreatePenIndirect
 0001:00005E0C       CreatePipe
 0001:0000630C       CreatePopupMenu
 0001:00005E14       CreateProcess
 0001:000060DC       CreateSolidBrush
 0001:00021034       CreateSystemPalette
 0001:0000028C       CreateThread
 0001:00005E1C       CreateThread
 0001:00006868       CreateWindow
 0001:00006314       CreateWindowEx
 0002:0000095C       CreationControl
 0002:00000848       CreationControl
 0002:00000468       CRelationshipToBoolean
 0002:0000011C       cSimpleBoolStrs
 0002:00000A58       Ctl3DStyles
 0002:00002618       curAlloc
 0002:00002738       CurrencyDecimals
 0002:00002734       CurrencyFormat
 0002:00002730       CurrencyString
 0002:00000C40       CursorMap
 0002:0000096C       Cursors
 0001:00032810       CursorToIdent
 0002:00000C30       cUseAlpha
 0002:00000C38       cUseColorKey
 0002:000002E4       CVarTypeToElementInfo
 0002:00000FC0       cVersion
 0002:00000E54       cWindowType
 0001:0005AF28       DataTypeToRegData
 0001:00059E10       DateBetween
 0002:00002739       DateSeparator
 0002:00000158       DCon10
 0002:00000560       DDBsOnly
 0001:0001D6C0       DeallocateHWnd
 0002:00000014       DebugHook
 0002:00002737       DecimalSeparator
 0001:0000F200       DecIndices
 0001:000007C4       Decommit
 0001:00000DE0       DecommitFree
 0002:000025F4       decommittedRoot
 0001:000547E4       Default
 0001:0004F2EC       Default
 0002:0000000C       Default8087CW
 0002:00000960       DefaultDockTreeClass
 0001:00063480       DefaultListViewSort
 0002:00000020       DefaultTextLineBreakStyle
 0002:0000079C       DefBrushData
 0002:00000534       DefFontData
 0001:0000631C       DefFrameProc
 0002:000001D8       DefLongDayNames
 0002:0000018C       DefLongMonthNames
 0001:00006324       DefMDIChildProc
 0002:0000077C       DefPenData
 0002:000001BC       DefShortDayNames
 0002:0000015C       DefShortMonthNames
 0001:0000632C       DefWindowProc
 0001:00004F84       DelayLoadResourceModule
 0001:00000480       DeleteBlock
 0001:00005E24       DeleteCriticalSection
 0001:000003F0       DeleteCriticalSection
 0001:000060E4       DeleteDC
 0001:000060EC       DeleteEnhMetaFile
 0001:00000C28       DeleteFree
 0001:00006334       DeleteMenu
 0001:000060F4       DeleteObject
 0001:0002387C       DeselectBitmap
 0001:0000633C       DestroyCursor
 0001:00006344       DestroyIcon
 0001:00058A60       DestroyLocals
 0001:0000634C       DestroyMenu
 0001:00006354       DestroyWindow
 0001:0002FD6C       DialogEnumerationTester
 0001:0002D58C       DialogHook
 0001:0002F0EC       Dialogs
 0002:000007D8       DIBPalSizes
 0002:0000007C       dig
 0002:00000E04       Directions
 0001:0004C65C       DisableTaskWindows
 0001:0000635C       DispatchMessage
 0001:00052800       DispatchShortCut
 0002:00002000       DispCallByIDProc
 0001:0002CE30       Dlgs
 0001:00053AD4       DoAlign
 0001:00038524       DoAlign
 0001:0003C480       DoCalcConstraints
 0002:00002BE0       DockSiteList
 0001:0004886C       DoClick
 0001:00039BAC       DoControlMsg
 0001:0004C60C       DoDisableWindow
 0001:0003353C       DoDragOver
 0001:00007958       DoExitProc
 0001:0003E37C       DoFindControlZone
 0001:0004C748       DoFindWindow
 0001:0003E908       DoFindZone
 0001:0003E400       DoForEach
 0001:0003FD0C       DoGetNextLimit
 0001:0004C5D4       DoneApplication
 0001:00040A70       DoneControls
 0001:0000A2E4       DoneExceptions
 0001:00050BF4       DoNestedActivation
 0001:000380F8       DoPosition
 0001:00053924       DoPosition
 0001:0003F334       DoPrune
 0001:0003F80C       DoSaveZone
 0001:0003FA10       DoSetNewBounds
 0002:00000484       DotSep
 0001:00043544       DoWrite
 0001:000152A4       DoWrite
 0001:00021CC4       DoWrite
 0001:000229CC       DoWrite
 0001:0003921C       DoWriteDesignSize
 0001:00036BBC       DoWriteIsControl
 0002:00002BC4       DragCapture
 0002:00002BB8       DragControl
 0001:00033C84       DragDone
 0001:000334EC       DragFindTarget
 0001:000334C0       DragFindWindow
 0002:00002BDC       DragImageList
 0001:000338DC       DragInit
 0001:00033A4C       DragInitControl
 0002:00002BC0       DragInternalObject
 0001:00033420       DragMessage
 0002:00002BBC       DragObject
 0002:00002BE8       DragSave
 0002:00002BD0       DragSaveCursor
 0002:00002BC8       DragStartPos
 0002:00002BD4       DragThreshold
 0001:0003360C       DragTo
 0001:00054820       DrawAppIcon
 0001:0003EEA0       DrawCloseButton
 0001:00006364       DrawEdge
 0001:0000636C       DrawFocusRect
 0001:00006374       DrawFrameControl
 0001:0003EEF8       DrawGrabberLine
 0001:0000637C       DrawIcon
 0001:00006384       DrawIconEx
 0002:00000A94       DrawingStyles
 0001:0000638C       DrawMenuBar
 0001:00049BAC       DrawMenuItem
 0001:00006394       DrawText
 0001:00020B04       DupBits
 0001:00005E2C       DuplicateHandle
 0001:0000F1AC       DynArrayBounds
 0001:00004C3C       DynArrayClear
 0001:0000F124       DynArrayDim
 0001:0000F108       DynArrayElTypeInfo
 0001:0000F600       DynArrayFromVariant
 0001:0000F0C8       DynArrayIndex
 0001:00004C44       DynArraySetLength
 0001:0000F13C       DynArraySize
 0001:0000F2EC       DynArrayToVariant
 0001:0000F26C       DynArrayVariantBounds
 0001:0000F2C4       DynArrayVarType
 0002:00000B80       EdgeStyle
 0002:00000A48       EdgeStyles
 0002:00000DA4       EditStyles
 0001:00009D30       EHeapException.FreeInstance
 0001:00069E10       EmitMessage
 0001:0000639C       EmptyClipboard
 0002:00002854       EmptyParam
 0002:000000A4       EmptyStr
 0002:000000A8       EmptyWideStr
 0001:000063A4       EnableMenuItem
 0002:00000B18       Enables
 0001:000063AC       EnableScrollBar
 0001:0004C710       EnableTaskWindows
 0001:000063B4       EnableWindow
 0001:00009310       EncodeDate
 0001:000091CC       EncodeTime
 0001:00013940       EndGlobalLoading
 0001:000063BC       EndPaint
 0001:00003834       EndThread
 0001:00005E34       EnterCriticalSection
 0001:000003E0       EnterCriticalSection
 0001:00005E3C       EnumCalendarInfoA
 0002:00002ABC       EnumDisplayMonitors
 0001:000095D0       EnumEraNames
 0001:0000960C       EnumEraYearOffsets
 0001:0004F7E8       EnumMonitorsProc
 0001:000063C4       EnumThreadWindows
 0001:000063CC       EnumWindows
 0001:000063D4       EqualRect
 0002:00002800       EraNames
 0002:0000281C       EraYearOffsets
 0002:00000074       errCaption
 0001:00012E6C       Error
 0001:00001894       Error
 0001:000449EC       Error
 0001:00016F34       Error
 0002:00000004       ErrorAddr
 0001:00001848       ErrorAt
 0001:00009DDC       ErrorHandler
 0002:000001F4       ErrorMap
 0002:00002008       ErrorProc
 0002:000023E4       ErrOutput
 0001:000017E8       ExceptAddr
 0002:0000200C       ExceptClsProc
 0001:0000A250       ExceptHandler
 0001:00009BA4       Exception.Create
 0001:00009BE0       Exception.CreateFmt
 0001:00009C60       Exception.CreateRes
 0001:00009C9C       Exception.CreateResFmt
 0002:0000201C       ExceptionClass
 0001:00009968       ExceptionErrorMessage
 0002:0000022C       ExceptMap
 0001:000017C8       ExceptObject
 0002:00002010       ExceptObjProc
 0002:00002004       ExceptProc
 0001:000060FC       ExcludeClipRect
 0001:0000A578       ExcludeTrailingPathDelimiter
 0001:000685C0       ExecConsoleApp
 0001:00069AF8       exfile
 0002:00000000       ExitCode
 0001:0000360C       ExitDll
 0002:00002044       ExitProc
 0001:0000029C       ExitProcess
 0002:00002024       ExitProcessProc
 0002:00000118       ExitProcList
 0001:00000294       ExitThread
 0001:000082D0       ExpandFileName
 0001:0002D864       ExplorerHook
 0001:0005B75C       ExtActns
 0001:0002CDDC       ExtCtrls
 0001:0005AD80       ExtDlgs
 0001:00008288       ExtractFileExt
 0001:0002DEDC       ExtractFileName
 0001:00008250       ExtractFileName
 0001:0002DF24       ExtractFileNames
 0001:0000821C       ExtractFilePath
 0001:00013C98       ExtractStrings
 0001:00006104       ExtTextOut
 0001:0000D99C       Failure
 0002:0000283C       FalseBoolStrs
 0002:00002B80       FClipboard
 0002:0000014C       FCon1E18
 0001:00008030       FileAge
 0001:00008028       FileClose
 0001:00059F30       FileContainsText
 0001:00007F90       FileCreate
 0001:00007F6C       FileCreate
 0001:00058B88       FileCtrl
 0001:00008098       FileExists
 0002:000007D0       FileFormats
 0001:00059268       FileMatches
 0002:00000008       FileMode
 0001:00001C9C       FileNOPProc
 0001:00007F10       FileOpen
 0001:00007F98       FileRead
 0002:000004B0       FilerSignature
 0001:00007FF0       FileSeek
 0001:00005E44       FileTimeToDosDateTime
 0001:00005E4C       FileTimeToLocalFileTime
 0001:00005E54       FileTimeToSystemTime
 0001:00007FC4       FileWrite
 0001:00000D10       FillAfterGap
 0001:00000CBC       FillBeforeGap
 0001:00000DA8       FillerSizeAfterGap
 0001:00000D38       FillerSizeBeforeGap
 0001:000063DC       FillRect
 0001:00058AF8       Finalization
 0001:0005AC98       Finalization
 0001:0002F118       Finalization
 0001:0005ACD0       Finalization
 0001:0005AD18       Finalization
 0001:00027420       Finalization
 0001:00010E44       Finalization
 0001:0005AD50       Finalization
 0001:0002BE30       Finalization
 0001:0005ADA0       Finalization
 0001:00005C90       Finalization
 0001:0005D20C       Finalization
 0001:00010098       Finalization
 0001:0002BDF8       Finalization
 0001:0000BA84       Finalization
 0001:0000FD18       Finalization
 0001:00005D4C       Finalization
 0001:00069B18       Finalization
 0001:00049E8C       Finalization
 0001:0005B670       Finalization
 0001:00069ABC       Finalization
 0001:0002F378       Finalization
 0001:000569E8       Finalization
 0001:0007E804       Finalization
 0001:0005B6D4       Finalization
 0001:00028FEC       Finalization
 0001:0005B72C       Finalization
 0001:0002F210       Finalization
 0001:0005AC60       Finalization
 0001:0002FF9C       Finalization
 0001:0002F090       Finalization
 0001:00028C90       Finalization
 0001:00010E9C       Finalization
 0001:0002BE68       Finalization
 0001:0000BCE4       Finalization
 0001:00043A88       Finalization
 0001:0007E8EC       Finalization
 0001:00026E58       Finalization
 0001:00028CC8       Finalization
 0001:00042084       Finalization
 0001:00027BA0       Finalization
 0001:0002CE00       Finalization
 0001:00006CA4       Finalization
 0001:00026BA0       Finalization
 0001:0002CDAC       Finalization
 0001:000069CC       Finalization
 0001:00068410       Finalization
 0001:00006994       Finalization
 0001:000269C0       Finalization
 0001:00005AC0       Finalization
 0001:00027BE0       Finalization
 0001:00058B58       Finalization
 0001:0001D6E8       Finalization
 0001:00068A00       Finalization
 0001:0002BF50       Finalization
 0001:0001DA9C       Finalization
 0001:00040CE0       Finalization
 0001:0007CF3C       Finalization
 0001:0002BF10       Finalization
 0001:0002BED8       Finalization
 0001:0002BEA0       Finalization
 0001:0007C8D4       Finalization
 0001:00028C44       Finalization
 0001:00004C34       FinalizeArray
 0001:00003464       FinalizeUnits
 0001:0004862C       Find
 0001:0001A060       FindAncestor
 0001:00004FF4       FindBS
 0001:00013368       FindClass
 0001:00004F7C       FindClassHInstance
 0001:000002AC       FindClose
 0001:00008180       FindClose
 0001:00005E5C       FindClose
 0001:00000C8C       FindCommitted
 0001:00032610       FindControl
 0001:0003EB34       FindControlAtPos
 0001:0000FB7C       FindCustomVariantType
 0001:0000FC1C       FindCustomVariantType
 0001:00033FA8       FindDragTarget
 0001:00017FF8       FindExistingComponent
 0001:0005AC90       findfile
 0001:0000810C       FindFirst
 0001:000002B4       FindFirstFile
 0001:00005E64       FindFirstFile
 0001:0004C854       FindGlobalComponent
 0001:000137D0       FindGlobalComponent
 0002:000029F8       FindGlobalComponentProcs
 0001:00004F54       FindHInstance
 0001:00013678       FindIdentToInt
 0001:000135FC       FindIntToIdent
 0001:000080A8       FindMatchingFile
 0002:00002B48       FindMsg
 0001:000172E0       FindNestedComponent
 0001:0000815C       FindNext
 0001:00005E6C       FindNextFile
 0001:000449B4       FindPopupControl
 0001:00005E74       FindResource
 0001:00004FCC       FindResourceHInstance
 0001:000562C0       FindScanline
 0001:0004C7AC       FindTopMostWindow
 0001:00018E28       FindUniqueName
 0001:00033F74       FindVCLWindow
 0001:000063E4       FindWindow
 0001:0002FDC4       FindWinHelp
 0001:00023C74       FixupBitFields
 0002:00000B90       Flags
 0002:0000284C       FLanguages
 0001:0002901C       FlatSB
 0002:00002AE8       FlatSB_EnableScrollBar
 0002:00002AF4       FlatSB_GetScrollInfo
 0002:00002AF8       FlatSB_GetScrollPos
 0002:00002AF0       FlatSB_GetScrollRange
 0002:00002B00       FlatSB_SetScrollInfo
 0002:00002AFC       FlatSB_SetScrollPos
 0001:00028D0C       FlatSB_SetScrollProp
 0002:00002B04       FlatSB_SetScrollRange
 0002:00002AEC       FlatSB_ShowScrollBar
 0001:00008F30       FloatToDecimal
 0001:00008C58       FloatToText
 0001:00001F68       Flush
 0001:00008B54       FmtStr
 0002:00000BA8       FocusCount
 0002:00000BA4       FocusMessages
 0002:000006EC       FontCharsets
 0002:00002A78       FontManager
 0002:00000844       ForceCurrentDirectory
 0001:0004C828       ForegroundTask
 0001:00008B40       Format
 0001:000086AC       FormatBuf
 0001:000086A0       FormatClearStr
 0001:00008634       FormatError
 0002:00000144       FormatErrorStrs
 0001:00005E7C       FormatMessage
 0001:00069E18       FormatMessage
 0001:0000868C       FormatVarToStr
 0001:00056A44       Forms
 0002:000018D4       foundjavacaption1
 0002:000018D8       foundjavacaption2
 0002:000018DC       foundjavacaption3
 0002:000018E0       foundonejavacaption1
 0002:000018E4       foundonejavacaption2
 0002:000018E8       foundonejavacaption3
 0001:00002594       FPower10
 0002:00000828       FPrinter
 0001:000063EC       FrameRect
 0001:0000B664       FreeAndNil
 0001:000009F8       FreeCommitted
 0001:00000F18       FreeCurAlloc
 0001:00034068       FreeDeviceContext
 0001:00034124       FreeDeviceContexts
 0001:0001D4B4       FreeIntConstList
 0001:000002BC       FreeLibrary
 0001:00005E84       FreeLibrary
 0001:000237D0       FreeMemoryContexts
 0001:0001D5E8       FreeObjectInstance
 0001:00005E8C       FreeResource
 0001:00000678       FreeSpace
 0001:0000AF60       FreeTerminateProcs
 0002:00003CB8       FRichEditModule
 0001:00020AF4       GDICheck
 0001:00020A4C       GDIError
 0001:0000610C       GdiFlush
 0001:00005E94       GetACP
 0001:000063F4       GetActiveWindow
 0001:00053FB0       GetAnimation
 0001:0002E224       GetAveCharSize
 0001:000570CC       GetBitBtnGlyph
 0001:00006114       GetBitmapBits
 0001:000003F8       GetBlockDesc
 0001:0000611C       GetBrushOrgEx
 0001:000063FC       GetCapture
 0001:000328B8       GetCaptureControl
 0001:00013314       GetClass
 0001:00006404       GetClassInfo
 0001:0000640C       GetClassName
 0001:00006414       GetClientRect
 0001:0000641C       GetClipboardData
 0001:00022524       GetClipboardFormats
 0001:00006124       GetClipBox
 0001:00000394       GetCmdShow
 0001:000422D4       GetColor
 0001:000002C4       GetCommandLine
 0001:00000844       GetCommitted
 0001:000008D4       GetCommittedAt
 0001:0001AEA8       GetComponentValue
 0001:00039760       GetControlAtPos
 0001:00005E9C       GetCPInfo
 0001:00008380       GetCurrentDir
 0001:000002CC       GetCurrentDirectory
 0001:0000612C       GetCurrentPositionEx
 0001:00005EA4       GetCurrentProcess
 0001:00005EAC       GetCurrentProcessId
 0001:0000038C       GetCurrentThreadId
 0001:00005EB4       GetCurrentThreadId
 0001:000067E4       GetCurrentTime
 0001:00006424       GetCursor
 0001:000562D0       GetCursorHeightMargin
 0001:0000642C       GetCursorPos
 0001:00006434       GetDC
 0001:0000643C       GetDCEx
 0001:00006134       GetDCOrgEx
 0001:000265D0       GetDefFontCharSet
 0001:00014868       GetDesigner
 0001:00006444       GetDesktopWindow
 0001:0000614C       GetDeviceCaps
 0001:00021A54       GetDIB
 0001:0000613C       GetDIBColorTable
 0001:00006144       GetDIBits
 0001:0002199C       GetDIBSizes
 0001:00020C64       GetDInColors
 0001:00005EBC       GetDiskFreeSpaceA
 0002:00000114       GetDiskFreeSpaceEx
 0001:0000644C       GetDlgItem
 0001:0003FDEC       GetDockAlign
 0001:00033264       GetDockSiteAtPos
 0001:00033578       GetDropCtl
 0001:00002C18       GetDynaMethod
 0001:00006154       GetEnhMetaFileBits
 0001:0000615C       GetEnhMetaFileHeader
 0001:00006164       GetEnhMetaFilePaletteEntries
 0001:00010108       GetEnumName
 0001:000101FC       GetEnumNameValue
 0001:00010248       GetEnumValue
 0001:00009684       GetEraNamesAndYearOffsets
 0001:00009FA0       GetExceptionClass
 0001:0000A184       GetExceptionObject
 0001:00005EC4       GetExitCodeProcess
 0001:00005ECC       GetExitCodeThread
 0001:0001329C       GetFieldClassTable
 0001:00005ED4       GetFileAttributes
 0001:00022504       GetFileFormats
 0001:0000023C       GetFileSize
 0001:00000234       GetFileType
 0001:000108D0       GetFloatProp
 0001:00006454       GetFocus
 0001:0001F51C       GetFontData
 0001:0000645C       GetForegroundWindow
 0001:0000A9DC       GetFormatSettings
 0001:00005EDC       GetFullPathName
 0001:0001EAC8       GetHashCode
 0001:000515D0       GetHelpInfo
 0001:00028074       GetHelpSystem
 0001:00053D94       GetHint
 0001:00053DCC       GetHintControl
 0001:00049D2C       GetHotkey
 0001:00006464       GetIconInfo
 0001:00010CEC       GetInt64Prop
 0001:00010D50       GetInterfaceProp
 0001:0007CBF0       getjdkversion
 0001:0000647C       GetKeyboardLayout
 0001:00006484       GetKeyboardLayoutList
 0001:0000648C       GetKeyboardState
 0001:0000287C       GetKeyboardType
 0001:0000646C       GetKeyNameText
 0001:00006474       GetKeyState
 0001:00006494       GetLastActivePopup
 0001:0003E0B4       GetLastChildZone
 0001:00005EE4       GetLastError
 0001:000002D4       GetLastError
 0001:000630DC       GetLength
 0001:00009448       GetLocaleChar
 0001:000002DC       GetLocaleInfo
 0001:00005EEC       GetLocaleInfo
 0001:000093FC       GetLocaleStr
 0001:00005EF4       GetLogicalDrives
 0001:00032874       GetLongHint
 0001:00010578       GetLongStrProp
 0001:0000649C       GetMenu
 0001:00051558       GetMenuHelpContext
 0001:000064A4       GetMenuItemCount
 0001:000064AC       GetMenuItemID
 0001:000064B4       GetMenuItemInfo
 0001:00046E78       GetMenuSize
 0001:000064BC       GetMenuState
 0001:000064C4       GetMenuString
 0001:000064CC       GetMessagePos
 0001:00010C74       GetMethodProp
 0001:000002E4       GetModuleFileName
 0001:00005EFC       GetModuleFileName
 0001:00005F04       GetModuleHandle
 0001:000002EC       GetModuleHandle
 0001:00005B88       GetModuleHandle
 0002:00002AB0       GetMonitorInfo
 0002:00002AB4       GetMonitorInfoA
 0002:00002AB8       GetMonitorInfoW
 0001:000094AC       GetMonthDayNames
 0001:000064D4       GetNextWindow
 0001:0000616C       GetObject
 0001:0002BF48       GetOpenFileName
 0001:000103A0       GetOrdProp
 0001:00006174       GetPaletteEntries
 0001:000019A8       GetParamStr
 0001:000064DC       GetParent
 0001:0004CA20       GetParentForm
 0001:0000617C       GetPixel
 0001:00005F0C       GetProcAddress
 0001:000002F4       GetProcAddress
 0001:000064E4       GetProp
 0001:000102AC       GetPropInfo
 0001:0001031C       GetPropInfos
 0001:0004CEE0       GetRealScrollPosition
 0001:000422B4       GetRGBColor
 0001:000064EC       GetScrollInfo
 0001:000064F4       GetScrollPos
 0001:000064FC       GetScrollRange
 0001:00032830       GetShortHint
 0001:00010470       GetShortStrProp
 0001:00010508       GetShortStrPropAsLongStr
 0001:0000059C       GetSpace
 0001:00000600       GetSpaceAt
 0001:00044A44       GetSpecialName
 0001:000002FC       GetStartupInfo
 0001:00000244       GetStdHandle
 0001:00005F14       GetStdHandle
 0001:00006184       GetStockObject
 0001:00005F1C       GetStringTypeEx
 0001:000106A8       GetStrProp
 0001:00006504       GetSubMenu
 0001:0000650C       GetSysColor
 0001:00005F24       GetSystemInfo
 0001:00006514       GetSystemMenu
 0002:00002AA0       GetSystemMetrics
 0001:0000651C       GetSystemMetrics
 0001:0000618C       GetSystemPaletteEntries
 0001:0000619C       GetTextExtentPoint
 0001:00006194       GetTextExtentPoint32
 0001:000061A4       GetTextMetrics
 0001:00005F2C       GetThreadLocale
 0001:00000304       GetThreadLocale
 0001:00005F34       GetTickCount
 0001:00005BB4       GetTlsSize
 0001:00054554       GetTopMostWindows
 0001:000329C0       GetTopParent
 0001:00006524       GetTopWindow
 0001:000100FC       GetTypeData
 0001:0000ED34       GetVarArray
 0001:0000EBE8       GetVarDataArrayInfo
 0001:00004708       GetVariantManager
 0001:00010BF4       GetVariantProp
 0001:00005F3C       GetVersion
 0001:00005F44       GetVersionEx
 0001:00010714       GetWideStrProp
 0001:000105F8       GetWideStrPropAsLongStr
 0001:0000652C       GetWindow
 0001:00006534       GetWindowDC
 0001:0000653C       GetWindowLong
 0001:000061B4       GetWindowOrgEx
 0001:00006544       GetWindowPlacement
 0001:0000654C       GetWindowRect
 0001:00006554       GetWindowText
 0001:00006564       GetWindowThreadProcessId
 0001:0000655C       GetWindowThreadProcessId
 0001:000061AC       GetWinMetaFileBits
 0001:00005F4C       GlobalAddAtom
 0001:00005F54       GlobalAlloc
 0001:000067F0       GlobalAllocPtr
 0001:00005F5C       GlobalDeleteAtom
 0001:00005F64       GlobalFindAtom
 0002:000029FC       GlobalFixupList
 0001:00017428       GlobalFixupReferences
 0001:00005F6C       GlobalFree
 0001:0000681C       GlobalFreePtr
 0001:00005F7C       GlobalHandle
 0001:00005F74       GlobalLock
 0002:000029E4       GlobalNameSpace
 0001:00005F84       GlobalReAlloc
 0001:00006800       GlobalReAllocPtr
 0001:00005F8C       GlobalUnlock
 0002:00000D48       GlyphCache
 0002:00002924       GOldVariantManager
 0001:00026A94       Graphics
 0002:00000D7C       GripStyles
 0001:00013490       GroupDescendentsWith
 0002:00002878       GVariantManager
 0001:000186C0       HandleException
 0001:0002A420       HasPopup
 0002:00000010       HeapAllocFlags
 0002:000025C0       heapErrorCode
 0002:000025C4       heapLock
 0001:00028C88       HelpIntfs
 0002:00002ADC       HelpManager
 0002:00002B44       HelpMsg
 0002:00002B98       HelpViewer
 0002:00000110       HexDisplayPrefix
 0002:00000DB4       HideSelections
 0001:0003FE68       HideZone
 0002:00002714       HInstance
 0002:00002C48       HintDoneEvent
 0001:00053E9C       HintGetMsgHook
 0002:00002C4C       HintHook
 0001:00053E40       HintMouseThread
 0002:00002C50       HintThread
 0002:00002C44       HintThreadID
 0001:00053DEC       HintTimerProc
 0002:00000BA0       HintWindowClass
 0001:000067E0       HiWord
 0001:00053EE0       HookHintHooks
 0001:0000689C       HwndMSWheel
 0002:00000E30       IAlignment
 0002:000018C4       ibmregkey
 0002:00000B34       IBreaks
 0002:00000B40       IChecks
 0002:000008C0       IconIDs
 0002:00000B48       IDefaults
 0001:0001F50C       IdentToCharset
 0001:0001F304       IdentToColor
 0001:00032820       IdentToCursor
 0001:000136F4       IdentToInt
 0002:00000B50       IEnables
 0001:00047C1C       IfHotkeyAvailable
 0001:00026F44       ImageList_Add
 0001:00026F64       ImageList_AddIcon
 0001:00026F94       ImageList_BeginDrag
 0001:00026F2C       ImageList_Create
 0001:00026F34       ImageList_Destroy
 0001:00026FA4       ImageList_DragEnter
 0001:00026FAC       ImageList_DragLeave
 0001:00026FB4       ImageList_DragMove
 0001:00026FC4       ImageList_DragShowNolock
 0001:00026F74       ImageList_Draw
 0001:00026F84       ImageList_DrawEx
 0001:00026F9C       ImageList_EndDrag
 0001:00026F5C       ImageList_GetBkColor
 0001:00026FCC       ImageList_GetDragImage
 0001:00026FE4       ImageList_GetIconSize
 0001:00026F3C       ImageList_GetImageCount
 0001:00026FD4       ImageList_Read
 0001:00026F8C       ImageList_Remove
 0001:00026F7C       ImageList_Replace
 0001:00026F4C       ImageList_ReplaceIcon
 0001:00026F54       ImageList_SetBkColor
 0001:00026FBC       ImageList_SetDragCursorImage
 0001:00026FEC       ImageList_SetIconSize
 0001:00026FDC       ImageList_Write
 0002:00000AA4       Images
 0001:00043AB8       ImgList
 0001:00027C10       Imm
 0002:00000A88       IMM32DLL
 0001:00040A5C       Imm32IsIME
 0001:0000A538       IncludeTrailingPathDelimiter
 0001:0000BF3C       Increment
 0001:00026F70       IndexToOverlayMask
 0001:00027038       IndexToStateImageMask
 0001:0000656C       InflateRect
 0001:0005ADE8       IniFiles
 0001:00000A84       InitAllocator
 0001:00027458       InitAnApi
 0002:00002AC8       InitApis
 0001:00026E98       InitComCtl
 0001:00060838       InitCommonControl
 0001:00026E90       InitCommonControls
 0001:00026EF8       InitCommonControlsEx
 0001:0001399C       InitComponent
 0002:00002630       InitContext
 0001:00040AF8       InitControls
 0001:0006A0E8       InitDecompressor
 0001:0006B150       InitDefaults
 0001:00026614       InitDefFontData
 0001:0000AF80       InitDriveSpacePtr
 0001:0000A260       InitExceptions
 0001:00028D68       InitFlatSB
 0001:0002EF3C       InitGlobals
 0001:00021854       InitializeBitmapInfoHeader
 0001:00005F94       InitializeCriticalSection
 0001:000003D8       InitializeCriticalSection
 0002:000025BC       initialized
 0001:00028D40       InitializeFlatSB
 0001:00005C40       InitializeModule
 0001:000406FC       InitIMM32
 0001:00013A44       InitInheritedComponent
 0001:0000A7F0       InitLeadBytes
 0001:00027B34       InitMultiMonStubs
 0001:0000A350       InitPlatformId
 0002:00002040       InitProc
 0001:0005695C       InitProcs
 0001:00026598       InitScreenLogPixels
 0001:0000A868       InitSysLocale
 0001:00005BBC       InitThreadTLS
 0001:000034C4       InitUnits
 0001:000046E8       InitVariantManager
 0001:00032528       InitWndProc
 0002:00000A28       InnerStyles
 0002:0000204C       Input
 0001:000538C4       InsertBefore
 0001:0003806C       InsertBefore
 0001:00000E90       InsertFree
 0001:00047CD0       InsertHotkeyFarEastFormat
 0001:00006574       InsertMenu
 0001:0000657C       InsertMenuItem
 0002:00002A20       InstBlockList
 0002:00002A24       InstFreeList
 0001:0000E620       Int64Compare
 0001:0000DC28       Int64Op
 0001:0000E60C       IntCompare
 0002:000029F0       IntConstList
 0001:00000384       InterlockedDecrement
 0001:0000AFE8       InterlockedDecrement
 0001:0000AFF4       InterlockedExchange
 0001:0000AFFC       InterlockedExchangeAdd
 0001:0000037C       InterlockedIncrement
 0001:0000AFDC       InterlockedIncrement
 0001:00001CDC       InternalClose
 0001:0001EA54       InternalDeletePalette
 0001:00001F20       InternalFlush
 0001:00000CEC       InternalFreeMem
 0001:000219A4       InternalGetDIB
 0001:00021938       InternalGetDIBSizes
 0001:00013834       InternalReadComponentRes
 0001:00003CF8       InternalUniqueString
 0001:000061BC       IntersectClipRect
 0001:00006584       IntersectRect
 0001:0000DB04       IntOp
 0001:00013734       IntToIdent
 0001:00007E2C       IntToStr
 0001:00007DFC       IntToStr
 0001:0000658C       InvalidateRect
 0001:000209D4       InvalidBitmap
 0001:000209BC       InvalidGraphic
 0001:000209E0       InvalidIcon
 0001:000209EC       InvalidMetafile
 0001:00069D84       InvalidOperation
 0001:000209A4       InvalidOperation
 0001:0001283C       InvalidPoint
 0001:00012828       InvalidPoint
 0002:00002848       InvalidPointer
 0001:00002AD0       InvokeImplGetter
 0001:00001948       IOResult
 0002:00000B70       IOwnerDraw
 0002:00000B58       IRadios
 0002:00000B68       IRTL
 0001:0004C9B0       IsAccel
 0001:00048E80       IsAccelChar
 0001:0003301C       IsBeforeTargetWindow
 0001:00006594       IsChild
 0002:00002048       IsConsole
 0001:0001AD9C       IsDefault
 0001:0001B018       IsDefault
 0001:0001AC60       IsDefaultValue
 0001:0001B2A8       IsDefaultValue
 0001:0001AB30       IsDefaultValue
 0001:0001B5D4       IsDefaultValue
 0001:0001AD04       IsDefaultValue
 0001:0001B49C       IsDefaultValue
 0001:0000A4F4       IsDelimiter
 0001:00033478       IsDelphiHandle
 0001:0000659C       IsDialogMessage
 0001:0000F144       IsDynArrayRectangular
 0002:00000B60       ISeparators
 0001:000065A4       IsIconic
 0001:00048EDC       IsInitialChar
 0001:0007C9C4       isjdk
 0001:0000920C       IsLeapYear
 0002:00002034       IsLibrary
 0002:00002049       IsMultiThread
 0001:0003DB18       IsOrientationSet
 0001:0000A4C0       IsPathDelimiter
 0001:000065AC       IsRectEmpty
 0001:0005AEE4       IsRelative
 0001:00033220       IsSiteChildOfClient
 0001:00010370       IsStoredProp
 0001:00013810       IsUniqueGlobalComponentName
 0002:000029E8       IsUniqueGlobalComponentNameProc
 0001:00007D98       IsValidIdent
 0001:0000A850       IsWesternGroup
 0001:000065B4       IsWindow
 0001:000065BC       IsWindowEnabled
 0001:000065C4       IsWindowVisible
 0001:000065CC       IsZoomed
 0001:00044E10       Iterate
 0001:00044E70       IterateMenus
 0001:0007CF6C       javatest
 0001:00069B48       JConsts
 0002:000018C0       jdkregkey
 0002:00000018       JITEnable
 0001:0007C914       jpeg
 0002:00000FC4       JPEGDefaults
 0001:00069D9C       JpegError
 0001:0006CDE0       jpeg_calc_output_dimensions
 0001:0006B500       jpeg_consume_input
 0001:000772C8       jpeg_CreateCompress
 0001:0006B190       jpeg_CreateDecompress
 0001:00076618       jpeg_destroy
 0001:0006B258       jpeg_destroy_decompress
 0001:000773D8       jpeg_finish_compress
 0001:0006B614       jpeg_finish_decompress
 0001:0006CCC8       jpeg_finish_output
 0001:0006B5E0       jpeg_has_multiple_scans
 0001:0006B494       jpeg_read_header
 0001:0006CB2C       jpeg_read_scanlines
 0001:00076A9C       jpeg_set_colorspace
 0001:00076938       jpeg_set_defaults
 0001:00076874       jpeg_set_quality
 0001:00076F04       jpeg_simple_progression
 0001:000770E8       jpeg_start_compress
 0001:0006C9A4       jpeg_start_decompress
 0001:0006CC68       jpeg_start_output
 0001:00076738       jpeg_stdio_dest
 0001:0006C938       jpeg_stdio_src
 0002:00000FCC       jpeg_std_error
 0001:0007715C       jpeg_write_scanlines
 0001:0004C964       KeyboardStateToShiftState
 0001:0004C928       KeyDataToShiftState
 0001:0004C8D4       KeysToShiftState
 0001:000065D4       KillTimer
 0001:000081CC       LastDelimiter
 0001:0000A77C       LCIDToCodePage
 0002:000000F0       LeadBytes
 0001:000003E8       LeaveCriticalSection
 0001:00005F9C       LeaveCriticalSection
 0002:00000024       LibModuleList
 0001:000061C4       LineTo
 0001:0005D23C       ListActns
 0001:00033FF0       ListAdd
 0001:0005C56C       ListItemsCompare
 0001:00034018       ListRemove
 0002:000027FE       ListSeparator
 0001:0002714C       ListView_Arrange
 0001:000271F8       ListView_CreateDragImage
 0001:0002709C       ListView_DeleteAllItems
 0001:000271A4       ListView_DeleteColumn
 0001:00027084       ListView_DeleteItem
 0001:000270D4       ListView_FindItem
 0001:000272CC       ListView_GetCheckState
 0001:000273C8       ListView_GetColumnOrderArray
 0001:000271BC       ListView_GetColumnWidth
 0001:00027164       ListView_GetEditControl
 0001:00027410       ListView_GetHoverTime
 0001:0002703C       ListView_GetItem
 0001:00027028       ListView_GetItemCount
 0001:000270E4       ListView_GetItemRect
 0001:000272BC       ListView_GetItemState
 0001:000270B0       ListView_GetNextItem
 0001:00027254       ListView_GetOrigin
 0001:00027384       ListView_GetSelectedCount
 0001:00027244       ListView_GetTopIndex
 0001:00027120       ListView_HitTest
 0001:00027194       ListView_InsertColumn
 0001:0002706C       ListView_InsertItem
 0001:00027130       ListView_RedrawItems
 0001:00026FF4       ListView_SetBkColor
 0001:000272EC       ListView_SetCheckState
 0001:00027178       ListView_SetColumn
 0001:000273AC       ListView_SetColumnOrderArray
 0001:000271D4       ListView_SetColumnWidth
 0001:00027394       ListView_SetExtendedListViewStyle
 0001:00027400       ListView_SetHoverTime
 0001:0002700C       ListView_SetImageList
 0001:00027054       ListView_SetItem
 0001:00027348       ListView_SetItemCount
 0001:00027358       ListView_SetItemCountEx
 0001:0002728C       ListView_SetItemState
 0001:00027318       ListView_SetItemText
 0001:0002722C       ListView_SetTextBkColor
 0001:00027214       ListView_SetTextColor
 0001:000273E4       ListView_SetWorkAreas
 0001:00027368       ListView_SortItems
 0001:0002726C       ListView_Update
 0001:000065DC       LoadBitmap
 0001:000065E4       LoadCursor
 0001:000065EC       LoadIcon
 0001:000065F4       LoadKeyboardLayout
 0001:00005FA4       LoadLibrary
 0001:0000030C       LoadLibraryEx
 0001:00005FAC       LoadResource
 0001:000051C0       LoadResourceModule
 0001:00005A68       LoadResString
 0001:000065FC       LoadString
 0001:00000314       LoadString
 0001:000003B8       LocalAlloc
 0001:00005B90       LocalAlloc
 0001:000003C0       LocalFree
 0001:00009470       LocalGetLocaleStr
 0001:00005FB4       LockResource
 0002:00002740       LongDateFormat
 0002:000027D4       LongDayNames
 0002:00002788       LongMonthNames
 0002:00002754       LongTimeFormat
 0001:000079F8       LowerCase
 0001:0000606C       lstrcmp
 0001:00006074       lstrcpy
 0001:0000031C       lstrcpyn
 0002:000029D0       LVarTypes
 0002:000029D4       LVarTypeSync
 0001:0007E8E4       main
 0002:00003CD0       MainForm
 0002:0000202C       MainInstance
 0002:00002030       MainThreadID
 0001:00000448       MakeEmpty
 0001:000035B0       MakeErrorMessage
 0002:00000A74       MakeLast
 0001:000067D4       MakeLong
 0001:0001D550       MakeObjectInstance
 0001:00006830       MakeROP4
 0001:00009F20       MapException
 0001:0005B724       Mapi
 0002:00000D5C       MAPIDLL
 0002:00000D60       MAPIModule
 0001:000032DC       MapToRunError
 0001:00006604       MapVirtualKey
 0001:0000660C       MapWindowPoints
 0002:00000AAC       Mask
 0001:000061CC       MaskBlt
 0001:00026BD0       Math
 0001:00026B98       Max
 0001:0004F338       MaximizedChildren
 0002:00000FB8       MAX_ALLOWED
 0002:00000FBC       MAX_IDLE
 0002:0000002C       MemoryManager
 0002:00000AC8       MenuKeyCaps
 0001:00049EFC       Menus
 0001:00000498       MergeBlockAfter
 0001:00000F64       MergeCommit
 0001:00006614       MessageBeep
 0001:000002A4       MessageBox
 0001:0000661C       MessageBox
 0001:0002EE68       MessageDlg
 0001:0002EE88       MessageDlgPosHelp
 0001:000069FC       Messages
 0001:00014474       Min
 0001:00026B90       Min
 0001:000378A0       MinVar
 0002:00002AD0       MMAvailable
 0002:0000092C       ModalResults
 0002:00000A8C       ModeMap
 0001:00050F64       ModifySystemMenu
 0002:0000008C       Module
 0002:00002709       ModuleIsCpp
 0002:00002708       ModuleIsLib
 0001:0001D520       ModuleUnload
 0002:00000028       ModuleUnloadList
 0002:00002AAC       MonitorFromPoint
 0002:00002AA8       MonitorFromRect
 0002:00002AA4       MonitorFromWindow
 0002:000000C0       MonthDays
 0002:00002B9C       Mouse
 0001:00001968       Move
 0001:000061D4       MoveToEx
 0001:00034038       MoveWindowOrg
 0001:00006624       MsgWaitForMultipleObjects
 0001:00005FBC       MulDiv
 0001:0000032C       MultiByteToWideChar
 0001:00027BD0       MultiMon
 0002:00000DAC       MultiSelections
 0002:00002735       NegCurrFormat
 0001:00000FF0       NewCommit
 0001:0000101C       NewCommitAt
 0002:00002BA0       NewStyleControls
 0001:0003DAFC       NextVisibleZone
 0002:000004B4       NilMethod
 0002:0000001C       NoErrMsg
 0002:000018EC       nojavacaption1
 0002:000018F0       nojavacaption2
 0002:000018F4       nojavacaption3
 0001:00045C18       NormalDraw
 0001:00002E94       NotifyAnyExcept
 0001:00014900       NotifyDesigner
 0001:00002E68       NotifyExcept
 0001:00002EC8       NotifyExceptFinally
 0001:00013910       NotifyGlobalLoading
 0001:000054C0       NotifyModuleUnload
 0001:00002E44       NotifyNonDelphiException
 0001:00002E80       NotifyOnExcept
 0001:00002E28       NotifyReRaise
 0001:00002EF0       NotifyTerminate
 0001:00002F0C       NotifyUnhandled
 0001:0004885C       NthParentOf
 0001:0000FD04       Null
 0001:0001AFD0       ObjectAncestorMatch
 0001:000325E0       ObjectFromHWnd
 0001:0000662C       OemToAnsi
 0001:00006634       OffsetRect
 0001:00005CEC       OffsetRect
 0001:00004680       OleStrToStrVar
 0001:0000D488       OleVarFromAny
 0001:0000D4EC       OleVarFromVarArrayProc
 0001:0000663C       OpenClipboard
 0002:00000850       OpenOptions
 0002:000008A8       OpenOptionsEx
 0001:00001BF0       OpenText
 0002:00000404       OpTypeMap
 0002:00000A6C       OrientArray
 0002:00000A38       OuterStyles
 0002:00002844       OutOfMemory
 0001:000209F8       OutOfResources
 0002:00002218       Output
 0001:00068490       OutputLine
 0001:00069E14       OutputMessage
 0001:0001AE90       OwnedBy
 0002:000007E8       Pal16
 0001:0001EE38       PaletteChanged
 0001:000211E4       PaletteFromDIBColorTable
 0001:00021288       PaletteToDIBColorTable
 0002:000007E4       PalSize
 0001:00001A94       ParamCount
 0001:00001AF4       ParamStr
 0001:0003DEE0       ParentNotLast
 0001:000061DC       PatBlt
 0002:00002A88       PatternManager
 0001:00006644       PeekMessage
 0002:00002A7C       PenManager
 0002:000007AC       PenModes
 0002:0000078C       PenStyles
 0001:000061E4       PlayEnhMetaFile
 0001:000127B0       Point
 0001:00005CE4       Point
 0001:00012C04       PointerInModule
 0001:00039208       PointsEqual
 0001:00006850       PointToSmallPoint
 0002:00002C24       PopupList
 0001:0000664C       PostMessage
 0001:00006654       PostQuitMessage
 0001:00028D04       Printers
 0002:000004EC       Priorities
 0001:00052600       ProcessExecute
 0001:0004CBE0       ProcessHorz
 0001:00052700       ProcessUpdate
 0001:0004CC4C       ProcessVert
 0002:00002A00       ProcPosted
 0001:00069FD0       ProgressCallback
 0001:00017724       PropertyNotFound
 0001:000187C0       PropPathError
 0002:00000BD0       Props
 0001:00017718       PropValueError
 0001:0000665C       PtInRect
 0001:00005FC4       PulseEvent
 0001:00008C14       PutExponent
 0002:00002BE4       QualifyingSites
 0001:00009EDC       RaiseAssertException
 0001:00016794       RaiseException
 0001:0000024C       RaiseException
 0002:00002014       RaiseExceptionProc
 0001:0000AE90       RaiseLastOSError
 0001:0000AF2C       RaiseLastWin32Error
 0001:00063900       ReadCols
 0001:0003EC50       ReadControlName
 0001:000199C0       ReadCustomVariant
 0001:00017700       ReadError
 0001:0005AEB8       ReadError
 0001:00005FCC       ReadFile
 0001:00000254       ReadFile
 0001:00021534       ReadIcon
 0001:00002224       ReadLine
 0001:0000E65C       RealCompare
 0001:000061EC       RealizePalette
 0001:0000DA74       RealOp
 0001:00017DE8       Recover
 0001:000127D8       Rect
 0001:00005CC8       Rect
 0001:000061FC       Rectangle
 0001:000061F4       RectVisible
 0001:00006664       RedrawWindow
 0002:00002870       RefAnyProc
 0001:00000334       RegCloseKey
 0001:00005D84       RegCloseKey
 0001:00005D8C       RegCreateKeyEx
 0001:0005AEF8       RegDataToDataType
 0001:00005D94       RegEnumKeyEx
 0001:00005D9C       RegFlushKey
 0002:000029F4       RegGroups
 0001:00013388       RegisterClass
 0001:0000666C       RegisterClass
 0001:00006674       RegisterClipboardFormat
 0001:000333C0       RegisterDockSite
 0001:00013778       RegisterFindGlobalComponentProc
 0001:000135D0       RegisterIntegerConsts
 0001:0000551C       RegisterModule
 0001:00027FDC       RegisterViewer
 0001:0000667C       RegisterWindowMessage
 0001:0005B6B8       Registry
 0001:0000033C       RegOpenKeyEx
 0001:00005DA4       RegOpenKeyEx
 0001:00005DAC       RegQueryInfoKey
 0001:00000344       RegQueryValueEx
 0001:00005DB4       RegQueryValueEx
 0001:00005DBC       RegSetValueEx
 0001:0002BE98       RegStr
 0001:00006684       ReleaseCapture
 0001:0006A0C4       ReleaseContext
 0001:0000668C       ReleaseDC
 0001:00005FD4       ReleaseMutex
 0002:00000038       reMap
 0002:00002614       remBytes
 0001:0000050C       RemoveBlock
 0002:00000490       RemoveDataModule
 0001:000175D0       RemoveFixupReferences
 0001:0001767C       RemoveFixups
 0001:0001795C       RemoveGlobalFixup
 0001:00006694       RemoveMenu
 0001:00005438       RemoveModuleUnloadProc
 0001:00005460       RemoveModuleUnloadProc
 0001:0000669C       RemoveProp
 0001:0001BEA8       RemoveThread
 0001:000591A0       RemoveTrailingBackslash
 0001:00069E1C       ResetErrorMgr
 0001:00005FDC       ResetEvent
 0001:000014A4       ResizeInPlace
 0001:00006204       RestoreDC
 0001:0004C580       RestoreFocusState
 0001:00005FE4       ResumeThread
 0001:00013F44       ReturnAddr
 0001:00015404       ReturnAddr
 0001:000449E4       ReturnAddr
 0001:00020F64       RGBQuadToTriple
 0001:00020F2C       RGBTripleToQuad
 0001:0005ACC8       RichEdit
 0002:00002BB4       RM_GetObjectInstance
 0002:00002C40       RM_TaskbarCreated
 0002:00002610       rover
 0002:00000D64       RTFConversionFormat
 0001:000100C8       RTLConsts
 0002:00000D84       RTLReading
 0001:0000025C       RtlUnwind
 0002:00002018       RTLUnwindProc
 0002:00000054       runErrMsg
 0001:0000183C       RunErrorAt
 0001:0000BCAC       SafeArrayCreate
 0001:0000BCCC       SafeArrayGetElement
 0001:0000BCBC       SafeArrayGetLBound
 0001:0000BCC4       SafeArrayGetUBound
 0001:0000BCDC       SafeArrayPtrOfIndex
 0001:0000BCD4       SafeArrayPutElement
 0001:0000BCB4       SafeArrayRedim
 0001:0000B730       SafeLoadLibrary
 0001:00007AD8       SameText
 0001:0000620C       SaveDC
 0001:0004C578       SaveFocusState
 0002:00002C38       Screen
 0002:00002A34       ScreenLogPixels
 0001:000066A4       ScreenToClient
 0001:0004CD98       ScrollBarVisible
 0001:000066AC       ScrollWindow
 0001:0005A8E0       SearchIn
 0001:0005A4E8       SearchIn
 0002:000018CC       searchingstartcaption
 0002:000018D0       searchingstopcaption
 0001:00005FEC       SearchPath
 0001:00001050       SearchSmallBlocks
 0001:00006214       SelectObject
 0001:0000621C       SelectPalette
 0001:0003264C       SendAppMessage
 0001:0004C7E8       SendFocusMessage
 0001:000066B4       SendMessage
 0002:00000B2C       Separators
 0001:000066BC       SetActiveWindow
 0001:00053FE0       SetAnimation
 0001:00006224       SetBkColor
 0001:0000622C       SetBkMode
 0001:00006234       SetBrushOrgEx
 0001:000066C4       SetCapture
 0001:000328E0       SetCaptureControl
 0001:000066CC       SetClassLong
 0001:0000EB58       SetClearVarToEmptyParam
 0001:000066D4       SetClipboardData
 0001:00017F58       SetCompName
 0001:0000838C       SetCurrentDir
 0001:0000034C       SetCurrentDirectory
 0001:00005FF4       SetCurrentDirectory
 0001:000066DC       SetCursor
 0001:0000623C       SetDIBColorTable
 0001:00000264       SetEndOfFile
 0001:00005FFC       SetEndOfFile
 0001:00006244       SetEnhMetaFileBits
 0001:00006004       SetErrorMode
 0001:0000600C       SetEvent
 0001:0000341C       SetExceptionHandler
 0001:00006014       SetFilePointer
 0001:0000026C       SetFilePointer
 0001:000109E8       SetFloatProp
 0001:000066E4       SetFocus
 0001:000066EC       SetForegroundWindow
 0001:0000601C       SetHandleInformation
 0001:00040980       SetImeMode
 0001:000018C0       SetInOutRes
 0001:00010D14       SetInt64Prop
 0001:00010DD0       SetInterfaceProp
 0001:00018A44       SetInterfaceReference
 0001:000189BC       SetIntIdent
 0002:00000BAC       SetLayeredWindowAttributes
 0001:000105B8       SetLongStrProp
 0001:000066F4       SetMenu
 0001:000066FC       SetMenuItemInfo
 0001:00010CB4       SetMethodProp
 0001:00018A04       SetObjectIdent
 0001:00010414       SetOrdProp
 0001:0000624C       SetPixel
 0001:00006704       SetProp
 0001:0000670C       SetRect
 0001:00006254       SetROP2
 0001:00006714       SetScrollInfo
 0001:0000671C       SetScrollPos
 0001:00006724       SetScrollRange
 0001:000104B4       SetShortStrProp
 0001:00010530       SetShortStrPropAsLongStr
 0001:0000625C       SetStretchBltMode
 0001:000106E8       SetStrProp
 0001:00006264       SetTextColor
 0001:00006024       SetThreadLocale
 0001:0000602C       SetThreadPriority
 0001:0000672C       SetTimer
 0001:0000471C       SetVariantManager
 0001:00010C34       SetVariantProp
 0001:0000626C       SetViewportOrgEx
 0001:00055F94       SetVisible
 0001:000107FC       SetWideStrProp
 0001:00010650       SetWideStrPropAsLongStr
 0001:00006734       SetWindowLong
 0001:0000627C       SetWindowOrgEx
 0001:0000673C       SetWindowPlacement
 0001:00006744       SetWindowPos
 0001:00006754       SetWindowsHookEx
 0001:0000674C       SetWindowText
 0001:00006274       SetWinMetaFileBits
 0002:00000130       ShareMode
 0001:0002BE60       ShellAPI
 0002:00003CB4       ShellModule
 0001:0002BF40       ShlObj
 0001:00044A0C       ShortCut
 0002:00002C28       ShortCutItems
 0001:00044A98       ShortCutToText
 0002:0000273C       ShortDateFormat
 0002:000027B8       ShortDayNames
 0002:00002758       ShortMonthNames
 0002:00002750       ShortTimeFormat
 0002:00000DE4       ShowColumns
 0002:00000C24       ShowCommands
 0002:00000C0C       ShowCommands
 0002:00000C18       ShowCommands
 0001:0000675C       ShowCursor
 0001:00009AF0       ShowException
 0002:00000CC0       ShowFlags
 0002:00000A20       ShowFlags
 0001:0004C588       ShowMDIClientEdge
 0001:00006764       ShowOwnedPopups
 0001:0000676C       ShowScrollBar
 0001:00006774       ShowWindow
 0001:00054008       ShowWinNoAnimate
 0001:0003FEE8       ShowZone
 0002:000018F8       simplecaption
 0001:0000E6FC       SimpleVarCmp
 0002:00001900       simplewinheight
 0002:00000A80       SizeCursors
 0001:00006034       SizeofResource
 0001:000194F4       SkipBinary
 0001:00019524       SkipCollection
 0001:000194CC       SkipList
 0001:0000AE88       Sleep
 0001:0000603C       Sleep
 0001:000127C8       SmallPoint
 0001:0000683C       SmallPointToPoint
 0002:0000261C       smallTab
 0002:000025E4       spaceRoot
 0001:00013444       StartClassGroup
 0001:0002F3A8       StdActns
 0001:0002BE28       StdCtrls
 0001:0001D528       StdWndProc
 0002:00002A3C       StockBrush
 0002:00002A40       StockFont
 0002:00002A44       StockIcon
 0002:00002A38       StockPen
 0001:000085D8       StrAlloc
 0001:000085EC       StrBufSize
 0001:0000A44C       StrByteType
 0001:0000A464       StrCharLength
 0001:00008480       StrComp
 0001:000083E0       StrCopy
 0001:00008624       StrDispose
 0001:0004340C       StreamsEqual
 0001:000083BC       StrEnd
 0001:00006284       StretchBlt
 0001:00008AC0       StrFmt
 0001:000084A4       StrIComp
 0001:0000E684       StringCompare
 0001:00016618       StringListCompareStrings
 0001:0000AD54       StringReplace
 0001:000046A4       StringToOleStr
 0001:00049C94       StripHotkey
 0001:000084E4       StrLComp
 0001:00008408       StrLCopy
 0001:000083A4       StrLen
 0001:00008B00       StrLFmt
 0001:0000850C       StrLIComp
 0001:000083D0       StrMove
 0001:000085F8       StrNew
 0001:000085C4       StrPas
 0001:0000843C       StrPCopy
 0001:00008460       StrPLCopy
 0001:00008570       StrPos
 0001:00008550       StrScan
 0001:00007E60       StrToInt
 0001:00007EB4       StrToInt64
 0001:00007E9C       StrToIntDef
 0001:0002F240       StrUtils
 0002:00000BF8       Styles
 0001:0000B674       Supports
 0001:0000B698       Supports
 0002:000004E8       SyncList
 0001:00000364       SysAllocStringLen
 0001:00006CD4       SysConst
 0002:00000BC8       SysConsts
 0002:00000BC0       SysConsts
 0001:000093B0       SysErrorMessage
 0001:00001300       SysFreeMem
 0001:00000374       SysFreeString
 0001:00001170       SysGetMem
 0001:00005CC0       SysInit
 0002:000027F0       SysLocale
 0001:00001674       SysReallocMem
 0001:0000036C       SysReAllocStringLen
 0001:00005B14       System
 0002:00002A2C       SystemPalette16
 0001:0002114C       SystemPaletteOverride
 0001:0000677C       SystemParametersInfo
 0001:00009340       SystemTimeToDateTime
 0001:0000BC04       SysUtils
[...]
 0001:000716D0       @jinit_2pass_quantizer
 0001:000717F0       ..
 0001:00071DE8       @jinit_d_main_controller
 0001:00071EC8       ..
 0001:00072E54       @jinit_d_coef_controller
 0001:00072F68       ..
 0001:000731C8       @jinit_d_post_controller
 0001:0007325C       ..
 0001:000734B0       @jinit_inverse_dct
 0001:0007352C       ..
 0001:00073A10       @jinit_upsampler
 0001:00073C28       @jpeg_idct_float
 0001:00074058       @jpeg_idct_ifast
 0001:00074464       @jpeg_idct_4x4
 0001:000747F8       @jpeg_idct_2x2
 0001:000749D4       @jpeg_idct_1x1
 0001:00074A10       ..
 0001:000763DC       @jpeg_resync_to_restart
 0001:00076508       @jinit_marker_reader
 0001:00076574       @jround_up
 0001:0007658C       @jcopy_sample_rows
 0001:000765D8       @jcopy_block_row
 0001:000765E8       @jpeg_abort
 0001:00076618       jpeg_destroy
 0001:00076638       @jpeg_alloc_quant_table
 0001:00076650       @jpeg_alloc_huff_table
 0001:00076668       ..
 0001:00076738       jpeg_stdio_dest
 0001:00076778       ..
 0001:00076874       jpeg_set_quality
 0001:00076938       jpeg_set_defaults
 0001:00076A9C       jpeg_set_colorspace
 0001:00076F04       jpeg_simple_progression
 0001:000770E8       jpeg_start_compress
 0001:0007715C       jpeg_write_scanlines
 0001:000772C8       jpeg_CreateCompress
 0001:00077390       @jpeg_suppress_tables
 0001:000773D8       jpeg_finish_compress
 0001:0007755C       @jinit_compress_master
 0001:0007760C       ..
 0001:00077DB4       @jinit_marker_writer
 0001:00077E00       ..
 0001:00078870       @jinit_c_master_control
 0001:00078938       ..
 0001:00078A10       @jinit_c_main_controller
 0001:00078A94       ..
 0001:00078F28       @jinit_c_prep_controller
 0001:00078FD0       ..
 0001:00079738       @jinit_c_coef_controller
 0001:00079800       ..
 0001:00079C3C       @jinit_color_converter
 0001:00079E88       ..
 0001:0007A628       @jinit_downsampler
 0001:0007A7B0       ..
 0001:0007AC4C       @jinit_forward_dct
 0001:0007ACC8       ..
 0001:0007B774       @jinit_phuff_encoder
 0001:0007B7B8       @jpeg_fdct_ifast
 0001:0007BA24       @jpeg_fdct_float
 0001:0007BD50       ..
 0001:0007BF1C       @jpeg_make_c_derived_tbl
 0001:0007C5D4       @jpeg_gen_optimal_table
 0001:0007C890       @jinit_huff_encoder
 0001:0007C8D4       Finalization
 0001:0007C914       jpeg
 0001:0007C9C4       isjdk
 0001:0007CBF0       getjdkversion
 0001:0007CD8C       testjavapath
 0001:0007CEAC       testjdkpath
 0001:0007CF3C       Finalization
 0001:0007CF6C       javatest
 0001:0007D680       TMainForm.FormCreate
 0001:0007D97C       TMainForm.FormShow
 0001:0007DD30       BuildDriveStrings
 0001:0007DDC8       TMainForm.SearchButtonClick
 0001:0007DEA0       TMainForm.NewFolder
 0001:0007DF40       TMainForm.FindFileFound
 0001:0007E058       TMainForm.AddGoodVM
 0001:0007E11C       TMainForm.SearchDone
 0001:0007E168       TMainForm.LaunchBlueJ
 0001:0007E354       TMainForm.LaunchButtonClick
 0001:0007E428       TMainForm.BrowseButtonClick
 0001:0007E4E0       TMainForm.FormDestroy
 0001:0007E508       TMainForm.GoodVMSelectItem
 0001:0007E520       TMainForm.GoodVMExit
 0001:0007E528       TMainForm.GoodVMCheck
 0001:0007E54C       TMainForm.AdvancedSimpleButtonClickToAdvanced
 0001:0007E5AC       TMainForm.AdvancedSimpleButtonClickToSimple
 0001:0007E610       TMainForm.ParseBlueJDefs
 0001:0007E804       Finalization
 0001:0007E8E4       main
 0001:0007E8EC       Finalization
 0001:0007EB14       vmselect
 0002:00000000       ExitCode
 0002:00000004       ErrorAddr
 0002:00000008       FileMode
 0002:0000000C       Default8087CW
 0002:00000010       HeapAllocFlags
 0002:00000014       DebugHook
 0002:00000018       JITEnable
 0002:0000001C       NoErrMsg
 0002:00000020       DefaultTextLineBreakStyle
 0002:00000024       LibModuleList
 0002:00000028       ModuleUnloadList
 0002:0000002C       MemoryManager
 0002:00000038       reMap
 0002:00000054       runErrMsg
 0002:00000074       errCaption
 0002:0000007C       dig
 0002:0000008C       Module
 0002:000000A4       EmptyStr
 0002:000000A8       EmptyWideStr
 0002:000000AC       Win32Platform
 0002:000000B0       Win32MajorVersion
 0002:000000B4       Win32MinorVersion
 0002:000000B8       Win32BuildNumber
 0002:000000BC       Win32CSDVersion
 0002:000000C0       MonthDays
 0002:000000F0       LeadBytes
 0002:00000110       HexDisplayPrefix
 0002:00000114       GetDiskFreeSpaceEx
 0002:00000118       ExitProcList
 0002:0000011C       cSimpleBoolStrs
 0002:00000124       AccessMode
 0002:00000130       ShareMode
 0002:00000144       FormatErrorStrs
 0002:0000014C       FCon1E18
 0002:00000158       DCon10
 0002:0000015C       DefShortMonthNames
 0002:0000018C       DefLongMonthNames
 0002:000001BC       DefShortDayNames
 0002:000001D8       DefLongDayNames
 0002:000001F4       ErrorMap
 0002:0000022C       ExceptMap
 0002:000002DC       WesternGroups
 0002:000002E0       TerminateProcList
 0002:000002E4       CVarTypeToElementInfo
 0002:000003EC       BaseTypeMap
 0002:00000404       OpTypeMap
 0002:00000458       CInvalidCustomVariantType
 0002:0000045C       CBooleanToRelationship
 0002:00000468       CRelationshipToBoolean
 0002:0000047C       BooleanIdents
 0002:00000484       DotSep
 0002:00000488       AddDataModule
 0002:00000490       RemoveDataModule
 0002:00000498       ApplicationHandleException
 0002:000004A0       ApplicationShowException
 0002:000004A8       WakeMainThread
 0002:000004B0       FilerSignature
 0002:000004B4       NilMethod
 0002:000004BC       ValTypeToVarType
 0002:000004E8       SyncList
 0002:000004EC       Priorities
 0002:00000508       BlockCode
 0002:0000050C       UtilWindowClass
 0002:00000534       DefFontData
 0002:00000560       DDBsOnly
 0002:00000564       Colors
 0002:000006EC       FontCharsets
 0002:0000077C       DefPenData
 0002:0000078C       PenStyles
 0002:0000079C       DefBrushData
 0002:000007AC       PenModes
 0002:000007CC       ClipboardFormats
 0002:000007D0       FileFormats
 0002:000007D4       BitmapCanvasList
 0002:000007D8       DIBPalSizes
 0002:000007DC       BitCounts
 0002:000007E4       PalSize
 0002:000007E8       Pal16
 0002:00000828       FPrinter
 0002:0000082C       Alignments
 0002:00000834       WordWraps
 0002:00000838       WordWraps
 0002:0000083C       ButtonStyles
 0002:00000844       ForceCurrentDirectory
 0002:00000848       CreationControl
 0002:0000084C       WndProcPtrAtom
 0002:00000850       OpenOptions
 0002:000008A8       OpenOptionsEx
 0002:000008AC       Captions
 0002:000008C0       IconIDs
 0002:000008D4       ButtonNames
 0002:00000900       ButtonCaptions
 0002:0000092C       ModalResults
 0002:00000958       AnimateWindowProc
 0002:0000095C       CreationControl
 0002:00000960       DefaultDockTreeClass
 0002:00000964       AnchorAlign
 0002:0000096C       Cursors
 0002:00000A1C       CaptureControl
 0002:00000A20       ShowFlags
 0002:00000A24       WindowPos
 0002:00000A28       InnerStyles
 0002:00000A38       OuterStyles
 0002:00000A48       EdgeStyles
 0002:00000A58       Ctl3DStyles
 0002:00000A60       AnimationStyle
 0002:00000A6C       OrientArray
 0002:00000A74       MakeLast
 0002:00000A7C       TreeStreamEndFlag
 0002:00000A80       SizeCursors
 0002:00000A88       IMM32DLL
 0002:00000A8C       ModeMap
 0002:00000A94       DrawingStyles
 0002:00000AA4       Images
 0002:00000AAC       Mask
 0002:00000AB4       ValidMenuHotkeys
 0002:00000AB8       cMenuAutoFlagToItem
 0002:00000ABC       cItemAutoFlagToMenu
 0002:00000AC0       cBooleanToItemAutoFlag
 0002:00000AC4       cItemAutoFlagToBoolean
 0002:00000AC8       MenuKeyCaps
 0002:00000B10       Checks
 0002:00000B18       Enables
 0002:00000B20       Breaks
 0002:00000B2C       Separators
 0002:00000B34       IBreaks
 0002:00000B40       IChecks
 0002:00000B48       IDefaults
 0002:00000B50       IEnables
 0002:00000B58       IRadios
 0002:00000B60       ISeparators
 0002:00000B68       IRTL
 0002:00000B70       IOwnerDraw
 0002:00000B78       Alignments
 0002:00000B80       EdgeStyle
 0002:00000B88       Alignments
 0002:00000B90       Flags
 0002:00000B9C       Buttons
 0002:00000BA0       HintWindowClass
 0002:00000BA4       FocusMessages
 0002:00000BA8       FocusCount
 0002:00000BAC       SetLayeredWindowAttributes
 0002:00000BB0       TaskActiveWindow
 0002:00000BB4       TaskFirstWindow
 0002:00000BB8       TaskFirstTopMost
 0002:00000BBC       TaskWindowList
 0002:00000BC0       SysConsts
 0002:00000BC8       SysConsts
 0002:00000BD0       Props
 0002:00000BF8       Styles
 0002:00000C04       BorderStyles
 0002:00000C0C       ShowCommands
 0002:00000C18       ShowCommands
 0002:00000C24       ShowCommands
 0002:00000C30       cUseAlpha
 0002:00000C38       cUseColorKey
 0002:00000C40       CursorMap
 0002:00000C94       WindowClass
 0002:00000CBC       AppVisible
 0002:00000CC0       ShowFlags
 0002:00000CC4       BitBtnResNames
 0002:00000CF0       BitBtnCaptions
 0002:00000D1C       BitBtnModalResults
 0002:00000D48       GlyphCache
 0002:00000D4C       Values
 0002:00000D54       Values
 0002:00000D5C       MAPIDLL
 0002:00000D60       MAPIModule
 0002:00000D64       RTFConversionFormat
 0002:00000D70       TextConversionFormat
 0002:00000D7C       GripStyles
 0002:00000D84       RTLReading
 0002:00000D8C       Codes
 0002:00000D9C       BorderStyles
 0002:00000DA4       EditStyles
 0002:00000DAC       MultiSelections
 0002:00000DB4       HideSelections
 0002:00000DBC       Arrangements
 0002:00000DC4       AutoArrange
 0002:00000DCC       WrapText
 0002:00000DD4       ViewStyles
 0002:00000DE4       ShowColumns
 0002:00000DEC       ColumnClicks
 0002:00000DF4       ViewStyles
 0002:00000E04       Directions
 0002:00000E18       Codes
 0002:00000E30       IAlignment
 0002:00000E48       ComboBoxExStyles
 0002:00000E54       cWindowType
 0002:00000E60       cPriorityClass
 0002:00000E68       cErrMsg
 0002:00000FB8       MAX_ALLOWED
 0002:00000FBC       MAX_IDLE
 0002:00000FC0       cVersion
 0002:00000FC4       JPEGDefaults
 0002:00000FCC       jpeg_std_error
 0002:00001040       ..
 0002:00001050       ..
 0002:000010D0       ..
 0002:00001150       ..
 0002:0000125C       ..
 0002:0000131C       _jpeg_natural_order
 0002:0000145C       ..
 0002:000017FC       ..
 0002:000018BC       bluejdefsproperty
 0002:000018C0       jdkregkey
 0002:000018C4       ibmregkey
 0002:000018C8       bluejregkey
 0002:000018CC       searchingstartcaption
 0002:000018D0       searchingstopcaption
 0002:000018D4       foundjavacaption1
 0002:000018D8       foundjavacaption2
 0002:000018DC       foundjavacaption3
 0002:000018E0       foundonejavacaption1
 0002:000018E4       foundonejavacaption2
 0002:000018E8       foundonejavacaption3
 0002:000018EC       nojavacaption1
 0002:000018F0       nojavacaption2
 0002:000018F4       nojavacaption3
 0002:000018F8       simplecaption
 0002:000018FC       advancedcaption
 0002:00001900       simplewinheight
 0002:00001904       advancedwinheight
 0002:00002000       DispCallByIDProc
 0002:00002004       ExceptProc
 0002:00002008       ErrorProc
 0002:0000200C       ExceptClsProc
 0002:00002010       ExceptObjProc
 0002:00002014       RaiseExceptionProc
 0002:00002018       RTLUnwindProc
 0002:0000201C       ExceptionClass
 0002:00002020       AssertErrorProc
 0002:00002024       ExitProcessProc
 0002:00002028       AbstractErrorProc
 0002:0000202C       MainInstance
 0002:00002030       MainThreadID
 0002:00002034       IsLibrary
 0002:00002038       CmdShow
 0002:0000203C       CmdLine
 0002:00002040       InitProc
 0002:00002044       ExitProc
 0002:00002048       IsConsole
 0002:00002049       IsMultiThread
 0002:0000204A       Test8086
 0002:0000204C       Input
 0002:00002218       Output
 0002:000023E4       ErrOutput
 0002:000025B0       AllocMemCount
 0002:000025B4       AllocMemSize
 0002:000025B8       .5
 0002:000025BC       initialized
 0002:000025C0       heapErrorCode
 0002:000025C4       heapLock
 0002:000025DC       blockDescBlockList
 0002:000025E0       blockDescFreeList
 0002:000025E4       spaceRoot
 0002:000025F4       decommittedRoot
 0002:00002604       avail
 0002:00002610       rover
 0002:00002614       remBytes
 0002:00002618       curAlloc
 0002:0000261C       smallTab
 0002:00002620       committedRoot
 0002:00002630       InitContext
 0002:0000265C       VariantManager
 0002:00002708       ModuleIsLib
 0002:00002709       ModuleIsCpp
 0002:0000270C       TlsIndex
 0002:00002714       HInstance
 0002:00002718       .1
 0002:0000271C       tlsBuffer
 0002:00002720       .1
 0002:00002724       .3
 0002:00002728       .1
 0002:0000272C       .1
 0002:00002730       CurrencyString
 0002:00002734       CurrencyFormat
 0002:00002735       NegCurrFormat
 0002:00002736       ThousandSeparator
 0002:00002737       DecimalSeparator
 0002:00002738       CurrencyDecimals
 0002:00002739       DateSeparator
 0002:0000273C       ShortDateFormat
 0002:00002740       LongDateFormat
 0002:00002744       TimeSeparator
 0002:00002748       TimeAMString
 0002:0000274C       TimePMString
 0002:00002750       ShortTimeFormat
 0002:00002754       LongTimeFormat
 0002:00002758       ShortMonthNames
 0002:00002788       LongMonthNames
 0002:000027B8       ShortDayNames
 0002:000027D4       LongDayNames
 0002:000027F0       SysLocale
 0002:000027FE       ListSeparator
 0002:00002800       EraNames
 0002:0000281C       EraYearOffsets
 0002:00002838       TrueBoolStrs
 0002:0000283C       FalseBoolStrs
 0002:00002840       .94
 0002:00002844       OutOfMemory
 0002:00002848       InvalidPointer
 0002:0000284C       FLanguages
 0002:00002850       .1
 0002:00002854       EmptyParam
 0002:00002864       VarDispProc
 0002:00002868       ClearAnyProc
 0002:0000286C       ChangeAnyProc
 0002:00002870       RefAnyProc
 0002:00002874       .3
 0002:00002878       GVariantManager
 0002:00002924       GOldVariantManager
 0002:000029D0       LVarTypes
 0002:000029D4       LVarTypeSync
 0002:000029D8       .1
 0002:000029DC       .6
 0002:000029E0       .3
 0002:000029E4       GlobalNameSpace
 0002:000029E8       IsUniqueGlobalComponentNameProc
 0002:000029EC       .35
 0002:000029F0       IntConstList
 0002:000029F4       RegGroups
 0002:000029F8       FindGlobalComponentProcs
 0002:000029FC       GlobalFixupList
 0002:00002A00       ProcPosted
 0002:00002A04       ThreadLock
 0002:00002A1C       ThreadCount
 0002:00002A20       InstBlockList
 0002:00002A24       InstFreeList
 0002:00002A28       .1
 0002:00002A2C       SystemPalette16
 0002:00002A30       .12
 0002:00002A34       ScreenLogPixels
 0002:00002A38       StockPen
 0002:00002A3C       StockBrush
 0002:00002A40       StockFont
 0002:00002A44       StockIcon
 0002:00002A48       BitmapImageLock
 0002:00002A60       CounterLock
 0002:00002A78       FontManager
 0002:00002A7C       PenManager
 0002:00002A80       BrushManager
 0002:00002A84       CanvasList
 0002:00002A88       PatternManager
 0002:00002A8C       .2
 0002:00002A90       .21
 0002:00002A94       .1
 0002:00002A98       ComCtl32DLL
 0002:00002A9C       _InitCommonControlsEx
 0002:00002AA0       GetSystemMetrics
 0002:00002AA4       MonitorFromWindow
 0002:00002AA8       MonitorFromRect
 0002:00002AAC       MonitorFromPoint
 0002:00002AB0       GetMonitorInfo
 0002:00002AB4       GetMonitorInfoA
 0002:00002AB8       GetMonitorInfoW
 0002:00002ABC       EnumDisplayMonitors
 0002:00002AC0       .1
 0002:00002AC4       User32Dll
 0002:00002AC8       InitApis
 0002:00002AD0       MMAvailable
 0002:00002AD4       .1
 0002:00002AD8       .2
 0002:00002ADC       HelpManager
 0002:00002AE0       .3
 0002:00002AE4       .3
 0002:00002AE8       FlatSB_EnableScrollBar
 0002:00002AEC       FlatSB_ShowScrollBar
 0002:00002AF0       FlatSB_GetScrollRange
 0002:00002AF4       FlatSB_GetScrollInfo
 0002:00002AF8       FlatSB_GetScrollPos
 0002:00002AFC       FlatSB_SetScrollPos
 0002:00002B00       FlatSB_SetScrollInfo
 0002:00002B04       FlatSB_SetScrollRange
 0002:00002B08       .1
 0002:00002B0C       _FlatSB_GetScrollProp
 0002:00002B10       _FlatSB_SetScrollProp
 0002:00002B14       _InitializeFlatSB
 0002:00002B18       _UninitializeFlatSB
 0002:00002B1C       .42
 0002:00002B20       .1
 0002:00002B24       .1
 0002:00002B28       .1
 0002:00002B2C       .1
 0002:00002B30       .1
 0002:00002B34       .1
 0002:00002B38       .12
 0002:00002B3C       .1
 0002:00002B40       .01
 0002:00002B44       HelpMsg
 0002:00002B48       FindMsg
 0002:00002B4C       ButtonWidths
 0002:00002B78       CF_PICTURE
 0002:00002B7A       CF_COMPONENT
 0002:00002B7C       .2
 0002:00002B80       FClipboard
 0002:00002B84       .1
 0002:00002B88       .63
 0002:00002B8C       WinHelpTester
 0002:00002B90       ViewerName
 0002:00002B94       .1
 0002:00002B98       HelpViewer
 0002:00002B9C       Mouse
 0002:00002BA0       NewStyleControls
 0002:00002BA4       .72
 0002:00002BA8       WindowAtom
 0002:00002BAA       ControlAtom
 0002:00002BAC       WindowAtomString
 0002:00002BB0       ControlAtomString
 0002:00002BB4       RM_GetObjectInstance
 0002:00002BB8       DragControl
 0002:00002BBC       DragObject
 0002:00002BC0       DragInternalObject
 0002:00002BC4       DragCapture
 0002:00002BC8       DragStartPos
 0002:00002BD0       DragSaveCursor
 0002:00002BD4       DragThreshold
 0002:00002BD8       ActiveDrag
 0002:00002BDC       DragImageList
 0002:00002BE0       DockSiteList
 0002:00002BE4       QualifyingSites
 0002:00002BE8       DragSave
 0002:00002BEC       CanvasList
 0002:00002BF0       _WINNLSEnableIME
 0002:00002BF4       _ImmGetContext
 0002:00002BF8       _ImmReleaseContext
 0002:00002BFC       _ImmGetConversionStatus
 0002:00002C00       _ImmSetConversionStatus
 0002:00002C04       _ImmSetOpenStatus
 0002:00002C08       _ImmSetCompositionWindow
 0002:00002C0C       _ImmSetCompositionFont
 0002:00002C10       _ImmGetCompositionString
 0002:00002C14       _ImmIsIME
 0002:00002C18       _ImmNotifyIME
 0002:00002C1C       .8
 0002:00002C20       .3
 0002:00002C24       PopupList
 0002:00002C28       ShortCutItems
 0002:00002C2C       .9
 0002:00002C30       CommandPool
 0002:00002C34       Application
 0002:00002C38       Screen
 0002:00002C3C       .41
 0002:00002C40       RM_TaskbarCreated
 0002:00002C44       HintThreadID
 0002:00002C48       HintDoneEvent
 0002:00002C4C       HintHook
 0002:00002C50       HintThread
 0002:00002C54       .4
 0002:00002C58       BitBtnGlyphs
 0002:00002C84       .5
 0002:00002C88       .3
 0002:00002C8C       Buffer
 0002:00003C8C       .1
 0002:00003C90       .4
 0002:00003C94       .1
 0002:00003C98       .3
 0002:00003C9C       .8
 0002:00003CA0       .5
 0002:00003CA4       .1
 0002:00003CA8       .72
 0002:00003CAC       .8
 0002:00003CB0       .36
 0002:00003CB4       ShellModule
 0002:00003CB8       FRichEditModule
 0002:00003CBC       .1
 0002:00003CC0       .3
 0002:00003CC4       .1
 0002:00003CC8       .3
 0002:00003CCC       .1
 0002:00003CD0       MainForm
 0002:00003CD4       .2
 0002:00003CD8       appdir


Bound resource files

c:\program files\borland\delphi6\Lib\CONTROLS.RES
c:\program files\borland\delphi6\Lib\BUTTONS.RES
c:\program files\borland\delphi6\Lib\FileCtrl.RES
findfile.D32
c:\program files\borland\delphi6\Lib\EXTDLGS.RES
main.dfm
vmselect.res
addedicon.res
vmselect.drf


Program entry point at 0001:0007EB14
